Component: ARM Compiler 5.06 (build 20) Tool: armlink [4d35a3]

==============================================================================

Section Cross References

    main.o(i.main) refers to gd32f30x_misc.o(i.nvic_vector_table_set) for nvic_vector_table_set
    main.o(i.main) refers to bswdrv.o(i.BswDrv_Init) for BswDrv_Init
    main.o(i.main) refers to bswsrv.o(i.BswSrv_Init) for BswSrv_Init
    main.o(i.main) refers to app.o(i.APP_Init) for APP_Init
    main.o(i.main) refers to tasks.o(i.xTaskCreate) for xTaskCreate
    main.o(i.main) refers to tasks.o(i.vTaskStartScheduler) for vTaskStartScheduler
    main.o(i.main) refers to main.o(i.start_task) for start_task
    main.o(i.start_task) refers to tasks.o(i.xTaskCreate) for xTaskCreate
    main.o(i.start_task) refers to tasks.o(i.vTaskDelete) for vTaskDelete
    main.o(i.start_task) refers to app_main.o(i.App_MainTask) for App_MainTask
    main.o(i.start_task) refers to bswsrv_nettask.o(i.SurfNet_Task) for SurfNet_Task
    main.o(i.start_task) refers to bswsrv_nfcard_task.o(i.NFCardTask) for NFCardTask
    main.o(i.start_task) refers to bswsrv_wifibluetask.o(i.WifiBlueTask) for WifiBlueTask
    main.o(i.start_task) refers to bswsrv_comtask.o(i.ComTask) for ComTask
    app_main.o(i.App_MainTask) refers to cmsis_os.o(i.osDelay) for osDelay
    app_main.o(i.App_MainTask) refers to bswdrv_sc8042b.o(i.BswDrv_Sc8042bSpeech) for BswDrv_Sc8042bSpeech
    app_main.o(i.App_MainTask) refers to gd32f30x_gpio.o(i.gpio_input_bit_get) for gpio_input_bit_get
    app_main.o(i.App_MainTask) refers to bswsrv_key.o(i.BswSrv_Key_Loop) for BswSrv_Key_Loop
    app_main.o(i.App_MainTask) refers to cmsis_os.o(i.osKernelSysTick) for osKernelSysTick
    app_main.o(i.App_MainTask) refers to bswdrv_rtc.o(i.GetCurrentTime) for GetCurrentTime
    app_main.o(i.App_MainTask) refers to printf8.o(i.__0printf$8) for __2printf
    app_main.o(i.App_MainTask) refers to gd32f30x_gpio.o(i.gpio_bit_write) for gpio_bit_write
    app_main.o(i.App_MainTask) refers to app_netproto.o(i.App_NetProto_SendCardAuthReq) for App_NetProto_SendCardAuthReq
    app_main.o(i.App_MainTask) refers to memseta.o(.text) for __aeabi_memclr4
    app_main.o(i.App_MainTask) refers to bswdrv_sc8042b.o(i.PlayWaringVoice) for PlayWaringVoice
    app_main.o(i.App_MainTask) refers to bswdrv_watchdog.o(i.BswDrv_FeedWatchDog) for BswDrv_FeedWatchDog
    app_main.o(i.App_MainTask) refers to app_netproto.o(i.App_NetProto_SendHeartBeat) for App_NetProto_SendHeartBeat
    app_main.o(i.App_MainTask) refers to bswsrv_rf433.o(i.BswSrv_RF433_Loop_EventTimeout) for BswSrv_RF433_Loop_EventTimeout
    app_main.o(i.App_MainTask) refers to bswsrv_rf433.o(i.BswSrv_RF433_GetWaringDevice) for BswSrv_RF433_GetWaringDevice
    app_main.o(i.App_MainTask) refers to app_netproto.o(i.App_NetProto_SendEventNotice) for App_NetProto_SendEventNotice
    app_main.o(i.App_MainTask) refers to app_producttest.o(i.App_ProTest_SendRF433Rst) for App_ProTest_SendRF433Rst
    app_main.o(i.App_MainTask) refers to app_netproto.o(i.App_NetProto_SendRegister) for App_NetProto_SendRegister
    app_main.o(i.App_MainTask) refers to app_netproto.o(i.App_NetProto_SendStartUpNotice) for App_NetProto_SendStartUpNotice
    app_main.o(i.App_MainTask) refers to gd32f30x_gpio.o(i.gpio_bit_reset) for gpio_bit_reset
    app_main.o(i.App_MainTask) refers to app_blueproto.o(i.App_Blue_SendHeartBat) for App_Blue_SendHeartBat
    app_main.o(i.App_MainTask) refers to bswsrv_wg215.o(i.BswSrv_Blue_Disconnent) for BswSrv_Blue_Disconnent
    app_main.o(i.App_MainTask) refers to bswsrv_system.o(.bss) for GlobalInfo
    app_main.o(i.App_MainTask) refers to app_main.o(.constdata) for .constdata
    app_main.o(i.App_MainTask) refers to app_netproto.o(.bss) for cardAuthorMsg
    app_main.o(i.App_MainTask) refers to app_producttest.o(.data) for isCheckRF433
    app_main.o(i.App_MainTask) refers to app_producttest.o(.data) for readRF433Addr
    app_main.o(i.App_ReadCard_CallBack) refers to bswdrv_rtc.o(i.GetCurrentTime) for GetCurrentTime
    app_main.o(i.App_ReadCard_CallBack) refers to printf8.o(i.__0printf$8) for __2printf
    app_main.o(i.App_ReadCard_CallBack) refers to bswdrv_sc8042b.o(i.BswDrv_Sc8042bSpeech) for BswDrv_Sc8042bSpeech
    app_main.o(i.App_ReadCard_CallBack) refers to app_producttest.o(i.App_ProTest_SendCardInfo) for App_ProTest_SendCardInfo
    app_main.o(i.App_ReadCard_CallBack) refers to app_netproto.o(i.GetFrameStrSn) for GetFrameStrSn
    app_main.o(i.App_ReadCard_CallBack) refers to memmovea.o(.text) for __aeabi_memcpy
    app_main.o(i.App_ReadCard_CallBack) refers to app_main.o(.constdata) for .constdata
    app_main.o(i.App_ReadCard_CallBack) refers to bswsrv_system.o(.bss) for GlobalInfo
    app_main.o(i.App_ReadCard_CallBack) refers to app_netproto.o(.bss) for cardAuthorMsg
    app_main.o(i.BswSrv_Key_Values) refers to app_producttest.o(i.App_ProTest_SendKeyInfo) for App_ProTest_SendKeyInfo
[...]
    TypeA_Set_NVB                            0x0800d4b3   Thumb Code   130  bswdrv_nfc.o(i.TypeA_Set_NVB)
    UART3_IRQHandler                         0x0800d535   Thumb Code     6  bswdrv_usart.o(i.UART3_IRQHandler)
    UART4_IRQHandler                         0x0800d53b   Thumb Code     6  bswdrv_usart.o(i.UART4_IRQHandler)
    USART0_IRQHandler                        0x0800d68d   Thumb Code     6  bswdrv_usart.o(i.USART0_IRQHandler)
    USART1_IRQHandler                        0x0800d693   Thumb Code     6  bswdrv_usart.o(i.USART1_IRQHandler)
    USART2_IRQHandler                        0x0800d699   Thumb Code     6  bswdrv_usart.o(i.USART2_IRQHandler)
    Upgrade_FlashCheck                       0x0800d6a1   Thumb Code    72  bswsrv_fwupgrade.o(i.Upgrade_FlashCheck)
    UsartGetline                             0x0800d715   Thumb Code   202  bswsrv_air720.o(i.UsartGetline)
    WifiBlueSetATE                           0x0800d84d   Thumb Code    22  bswsrv_wg215.o(i.WifiBlueSetATE)
    WifiBlueTask                             0x0800d871   Thumb Code   206  bswsrv_wifibluetask.o(i.WifiBlueTask)
    WifiBuleCheckVERCmd                      0x0800d9d9   Thumb Code    22  bswsrv_wg215.o(i.WifiBuleCheckVERCmd)
    WifiBuleReset                            0x0800da01   Thumb Code    22  bswsrv_wg215.o(i.WifiBuleReset)
    WifiBuleSendATCom                        0x0800da29   Thumb Code    22  bswsrv_wg215.o(i.WifiBuleSendATCom)
    WifiBuleSetStaApMode                     0x0800da4d   Thumb Code    22  bswsrv_wg215.o(i.WifiBuleSetStaApMode)
    WifiCheckAck                             0x0800da79   Thumb Code   234  bswsrv_wg215.o(i.WifiCheckAck)
    WifiConnecteAp                           0x0800dbe9   Thumb Code   112  bswsrv_wg215.o(i.WifiConnecteAp)
    WifiConnecteServer                       0x0800dca1   Thumb Code   124  bswsrv_wg215.o(i.WifiConnecteServer)
    WifiDisconnectServer                     0x0800dd89   Thumb Code    22  bswsrv_wg215.o(i.WifiDisconnectServer)
    WifiEnableDHCP                           0x0800ddb5   Thumb Code    22  bswsrv_wg215.o(i.WifiEnableDHCP)
    WifiEnableDns                            0x0800dde1   Thumb Code    76  bswsrv_wg215.o(i.WifiEnableDns)
    WifiSendCmd                              0x0800de89   Thumb Code    58  bswsrv_wg215.o(i.WifiSendCmd)
    WifiSendCmdHandle                        0x0800dec5   Thumb Code    28  bswsrv_wg215.o(i.WifiSendCmdHandle)
    WifiSetTransMode                         0x0800dee5   Thumb Code    78  bswsrv_wg215.o(i.WifiSetTransMode)
    Write_FIFO                               0x0800df79   Thumb Code    26  bswdrv_spi_fm175xx.o(i.Write_FIFO)
    Write_Reg                                0x0800df95   Thumb Code    58  bswdrv_spi_fm175xx.o(i.Write_Reg)
    __0printf$8                              0x0800dfd9   Thumb Code    22  printf8.o(i.__0printf$8)
    __1printf$8                              0x0800dfd9   Thumb Code     0  printf8.o(i.__0printf$8)
    __2printf                                0x0800dfd9   Thumb Code     0  printf8.o(i.__0printf$8)
    __0sprintf$8                             0x0800dff9   Thumb Code    34  printf8.o(i.__0sprintf$8)
    __1sprintf$8                             0x0800dff9   Thumb Code     0  printf8.o(i.__0sprintf$8)
    __2sprintf                               0x0800dff9   Thumb Code     0  printf8.o(i.__0sprintf$8)
    __scatterload_copy                       0x0800e021   Thumb Code    14  handlers.o(i.__scatterload_copy)
    __scatterload_null                       0x0800e02f   Thumb Code     2  handlers.o(i.__scatterload_null)
    __scatterload_zeroinit                   0x0800e031   Thumb Code    14  handlers.o(i.__scatterload_zeroinit)
    adc_calibration_enable                   0x0800e4ad   Thumb Code    30  gd32f30x_adc.o(i.adc_calibration_enable)
    adc_channel_length_config                0x0800e4cb   Thumb Code    54  gd32f30x_adc.o(i.adc_channel_length_config)
    adc_data_alignment_config                0x0800e501   Thumb Code    20  gd32f30x_adc.o(i.adc_data_alignment_config)
    adc_enable                               0x0800e515   Thumb Code    16  gd32f30x_adc.o(i.adc_enable)
    adc_external_trigger_config              0x0800e525   Thumb Code    54  gd32f30x_adc.o(i.adc_external_trigger_config)
    adc_external_trigger_source_config       0x0800e55b   Thumb Code    32  gd32f30x_adc.o(i.adc_external_trigger_source_config)
    adc_flag_clear                           0x0800e57b   Thumb Code     8  gd32f30x_adc.o(i.adc_flag_clear)
    adc_flag_get                             0x0800e583   Thumb Code    14  gd32f30x_adc.o(i.adc_flag_get)
    adc_mode_config                          0x0800e591   Thumb Code    18  gd32f30x_adc.o(i.adc_mode_config)
    adc_regular_channel_config               0x0800e5a9   Thumb Code   126  gd32f30x_adc.o(i.adc_regular_channel_config)
    adc_software_trigger_enable              0x0800e627   Thumb Code    26  gd32f30x_adc.o(i.adc_software_trigger_enable)
    adc_special_function_config              0x0800e641   Thumb Code    82  gd32f30x_adc.o(i.adc_special_function_config)
    adc_tempsensor_vrefint_enable            0x0800e695   Thumb Code    12  gd32f30x_adc.o(i.adc_tempsensor_vrefint_enable)
    bkp_deinit                               0x0800e6a5   Thumb Code    14  gd32f30x_bkp.o(i.bkp_deinit)
    bkp_read_data                            0x0800e6b5   Thumb Code    38  gd32f30x_bkp.o(i.bkp_read_data)
    bkp_write_data                           0x0800e6e1   Thumb Code    34  gd32f30x_bkp.o(i.bkp_write_data)
    exti_init                                0x0800e709   Thumb Code    98  gd32f30x_exti.o(i.exti_init)
    exti_interrupt_flag_clear                0x0800e771   Thumb Code     6  gd32f30x_exti.o(i.exti_interrupt_flag_clear)
    exti_interrupt_flag_get                  0x0800e77d   Thumb Code    26  gd32f30x_exti.o(i.exti_interrupt_flag_get)
    fmc_bank0_ready_wait                     0x0800e7a1   Thumb Code    22  gd32f30x_fmc.o(i.fmc_bank0_ready_wait)
    fmc_bank0_state_get                      0x0800e7b9   Thumb Code    34  gd32f30x_fmc.o(i.fmc_bank0_state_get)
    fmc_bank1_ready_wait                     0x0800e7e1   Thumb Code    22  gd32f30x_fmc.o(i.fmc_bank1_ready_wait)
    fmc_bank1_state_get                      0x0800e7f9   Thumb Code    34  gd32f30x_fmc.o(i.fmc_bank1_state_get)
    fmc_flag_clear                           0x0800e821   Thumb Code    22  gd32f30x_fmc.o(i.fmc_flag_clear)
    fmc_lock                                 0x0800e83d   Thumb Code    30  gd32f30x_fmc.o(i.fmc_lock)
    fmc_page_erase                           0x0800e865   Thumb Code   122  gd32f30x_fmc.o(i.fmc_page_erase)
    fmc_unlock                               0x0800e8ed   Thumb Code    38  gd32f30x_fmc.o(i.fmc_unlock)
    fmc_word_program                         0x0800e925   Thumb Code   100  gd32f30x_fmc.o(i.fmc_word_program)
    fputc                                    0x0800e995   Thumb Code    50  bswdrv_debug.o(i.fputc)
    gpio_bit_reset                           0x0800e9d1   Thumb Code     4  gd32f30x_gpio.o(i.gpio_bit_reset)
    gpio_bit_set                             0x0800e9d5   Thumb Code     4  gd32f30x_gpio.o(i.gpio_bit_set)
    gpio_bit_write                           0x0800e9d9   Thumb Code    10  gd32f30x_gpio.o(i.gpio_bit_write)
    gpio_exti_source_select                  0x0800e9e5   Thumb Code    82  gd32f30x_gpio.o(i.gpio_exti_source_select)
    gpio_init                                0x0800ea3d   Thumb Code   144  gd32f30x_gpio.o(i.gpio_init)
    gpio_input_bit_get                       0x0800eacd   Thumb Code    10  gd32f30x_gpio.o(i.gpio_input_bit_get)
    gpio_pin_remap_config                    0x0800ead9   Thumb Code    82  gd32f30x_gpio.o(i.gpio_pin_remap_config)
    i2c_ack_config                           0x0800f2f5   Thumb Code    20  gd32f30x_i2c.o(i.i2c_ack_config)
    i2c_data_receive                         0x0800f309   Thumb Code     6  gd32f30x_i2c.o(i.i2c_data_receive)
    i2c_data_transmit                        0x0800f30f   Thumb Code     4  gd32f30x_i2c.o(i.i2c_data_transmit)
    i2c_flag_clear                           0x0800f313   Thumb Code    18  gd32f30x_i2c.o(i.i2c_flag_clear)
    i2c_flag_get                             0x0800f325   Thumb Code    30  gd32f30x_i2c.o(i.i2c_flag_get)
    i2c_master_addressing                    0x0800f343   Thumb Code    18  gd32f30x_i2c.o(i.i2c_master_addressing)
    i2c_start_on_bus                         0x0800f355   Thumb Code    10  gd32f30x_i2c.o(i.i2c_start_on_bus)
    i2c_stop_on_bus                          0x0800f35f   Thumb Code    10  gd32f30x_i2c.o(i.i2c_stop_on_bus)
    main                                     0x0800f375   Thumb Code    52  main.o(i.main)
    nvic_irq_disable                         0x0800f3b9   Thumb Code    22  gd32f30x_misc.o(i.nvic_irq_disable)
    nvic_irq_enable                          0x0800f3d1   Thumb Code   134  gd32f30x_misc.o(i.nvic_irq_enable)
    nvic_priority_group_set                  0x0800f45d   Thumb Code    10  gd32f30x_misc.o(i.nvic_priority_group_set)
    nvic_vector_table_set                    0x0800f471   Thumb Code    12  gd32f30x_misc.o(i.nvic_vector_table_set)
    osDelay                                  0x0800f485   Thumb Code    14  cmsis_os.o(i.osDelay)
    osKernelSysTick                          0x0800f493   Thumb Code    24  cmsis_os.o(i.osKernelSysTick)
    osMutexCreate                            0x0800f4ab   Thumb Code     6  cmsis_os.o(i.osMutexCreate)
    osMutexRelease                           0x0800f4b1   Thumb Code    74  cmsis_os.o(i.osMutexRelease)
    osMutexWait                              0x0800f501   Thumb Code    96  cmsis_os.o(i.osMutexWait)
    osSemaphoreCreate                        0x0800f565   Thumb Code    46  cmsis_os.o(i.osSemaphoreCreate)
    osSemaphoreRelease                       0x0800f595   Thumb Code    74  cmsis_os.o(i.osSemaphoreRelease)
    osSemaphoreWait                          0x0800f5e5   Thumb Code    96  cmsis_os.o(i.osSemaphoreWait)
    pmu_backup_write_enable                  0x0800f649   Thumb Code    12  gd32f30x_pmu.o(i.pmu_backup_write_enable)
    pvPortMalloc                             0x0800fd71   Thumb Code   210  heap_4.o(i.pvPortMalloc)
    pvTaskIncrementMutexHeldCount            0x0800fe49   Thumb Code    18  tasks.o(i.pvTaskIncrementMutexHeldCount)
    pxPortInitialiseStack                    0x0800fe61   Thumb Code    40  port.o(i.pxPortInitialiseStack)
    rcu_adc_clock_config                     0x0800fe8d   Thumb Code    74  gd32f30x_rcu.o(i.rcu_adc_clock_config)
    rcu_all_reset_flag_clear                 0x0800fee1   Thumb Code    12  gd32f30x_rcu.o(i.rcu_all_reset_flag_clear)
    rcu_bkp_reset_disable                    0x0800fef1   Thumb Code    12  gd32f30x_rcu.o(i.rcu_bkp_reset_disable)
    rcu_bkp_reset_enable                     0x0800ff01   Thumb Code    12  gd32f30x_rcu.o(i.rcu_bkp_reset_enable)
    rcu_clock_freq_get                       0x0800ff11   Thumb Code   218  gd32f30x_rcu.o(i.rcu_clock_freq_get)
    rcu_flag_get                             0x08010009   Thumb Code    28  gd32f30x_rcu.o(i.rcu_flag_get)
    rcu_osci_on                              0x08010029   Thumb Code    22  gd32f30x_rcu.o(i.rcu_osci_on)
    rcu_osci_stab_wait                       0x08010045   Thumb Code   186  gd32f30x_rcu.o(i.rcu_osci_stab_wait)
    rcu_periph_clock_enable                  0x08010105   Thumb Code    22  gd32f30x_rcu.o(i.rcu_periph_clock_enable)
    rcu_periph_reset_disable                 0x08010121   Thumb Code    22  gd32f30x_rcu.o(i.rcu_periph_reset_disable)
    rcu_periph_reset_enable                  0x0801013d   Thumb Code    22  gd32f30x_rcu.o(i.rcu_periph_reset_enable)
    rcu_rtc_clock_config                     0x08010159   Thumb Code    14  gd32f30x_rcu.o(i.rcu_rtc_clock_config)
    rtc_configuration_mode_enter             0x0801016d   Thumb Code    12  gd32f30x_rtc.o(i.rtc_configuration_mode_enter)
    rtc_configuration_mode_exit              0x0801017d   Thumb Code    12  gd32f30x_rtc.o(i.rtc_configuration_mode_exit)
    rtc_counter_get                          0x0801018d   Thumb Code    16  gd32f30x_rtc.o(i.rtc_counter_get)
    rtc_counter_set                          0x080101a1   Thumb Code    28  gd32f30x_rtc.o(i.rtc_counter_set)
    rtc_lwoff_wait                           0x080101c1   Thumb Code    10  gd32f30x_rtc.o(i.rtc_lwoff_wait)
    rtc_prescaler_set                        0x080101d1   Thumb Code    30  gd32f30x_rtc.o(i.rtc_prescaler_set)
    rtc_register_sync_wait                   0x080101f5   Thumb Code    18  gd32f30x_rtc.o(i.rtc_register_sync_wait)
    spi_enable                               0x0801020d   Thumb Code    10  gd32f30x_spi.o(i.spi_enable)
    spi_i2s_data_receive                     0x08010217   Thumb Code     6  gd32f30x_spi.o(i.spi_i2s_data_receive)
    spi_i2s_data_transmit                    0x0801021d   Thumb Code     4  gd32f30x_spi.o(i.spi_i2s_data_transmit)
    spi_i2s_flag_get                         0x08010221   Thumb Code    10  gd32f30x_spi.o(i.spi_i2s_flag_get)
    spi_init                                 0x0801022b   Thumb Code    46  gd32f30x_spi.o(i.spi_init)
    start_task                               0x08010259   Thumb Code   108  main.o(i.start_task)
    timer_auto_reload_shadow_enable          0x080103cd   Thumb Code    10  gd32f30x_timer.o(i.timer_auto_reload_shadow_enable)
    timer_channel_capture_value_register_read 0x080103d7   Thumb Code    34  gd32f30x_timer.o(i.timer_channel_capture_value_register_read)
    timer_channel_input_capture_prescaler_config 0x080103f9   Thumb Code    78  gd32f30x_timer.o(i.timer_channel_input_capture_prescaler_config)
    timer_counter_value_config               0x080104e1   Thumb Code     4  gd32f30x_timer.o(i.timer_counter_value_config)
    timer_deinit                             0x080104e5   Thumb Code   108  gd32f30x_timer.o(i.timer_deinit)
    timer_disable                            0x08010559   Thumb Code    10  gd32f30x_timer.o(i.timer_disable)
    timer_enable                             0x08010563   Thumb Code    10  gd32f30x_timer.o(i.timer_enable)
    timer_flag_clear                         0x0801056d   Thumb Code     8  gd32f30x_timer.o(i.timer_flag_clear)
    timer_flag_get                           0x08010575   Thumb Code    10  gd32f30x_timer.o(i.timer_flag_get)
    timer_init                               0x08010581   Thumb Code   120  gd32f30x_timer.o(i.timer_init)
    timer_input_capture_config               0x08010615   Thumb Code   300  gd32f30x_timer.o(i.timer_input_capture_config)
    timer_interrupt_disable                  0x08010741   Thumb Code     8  gd32f30x_timer.o(i.timer_interrupt_disable)
    timer_interrupt_enable                   0x08010749   Thumb Code     8  gd32f30x_timer.o(i.timer_interrupt_enable)
    timer_interrupt_flag_clear               0x08010751   Thumb Code     8  gd32f30x_timer.o(i.timer_interrupt_flag_clear)
    timer_interrupt_flag_get                 0x08010759   Thumb Code    20  gd32f30x_timer.o(i.timer_interrupt_flag_get)
    usart_baudrate_set                       0x0801076d   Thumb Code    82  gd32f30x_usart.o(i.usart_baudrate_set)
    usart_data_receive                       0x080107c9   Thumb Code     8  gd32f30x_usart.o(i.usart_data_receive)
    usart_data_transmit                      0x080107d1   Thumb Code     8  gd32f30x_usart.o(i.usart_data_transmit)
    usart_deinit                             0x080107d9   Thumb Code    80  gd32f30x_usart.o(i.usart_deinit)
    usart_enable                             0x08010831   Thumb Code    10  gd32f30x_usart.o(i.usart_enable)
    usart_flag_get                           0x0801083b   Thumb Code    22  gd32f30x_usart.o(i.usart_flag_get)
    usart_interrupt_enable                   0x08010851   Thumb Code    22  gd32f30x_usart.o(i.usart_interrupt_enable)
    usart_interrupt_flag_clear               0x08010867   Thumb Code    20  gd32f30x_usart.o(i.usart_interrupt_flag_clear)
    usart_interrupt_flag_get                 0x0801087b   Thumb Code    48  gd32f30x_usart.o(i.usart_interrupt_flag_get)
    usart_parity_config                      0x080108ab   Thumb Code    16  gd32f30x_usart.o(i.usart_parity_config)
    usart_receive_config                     0x080108bb   Thumb Code    12  gd32f30x_usart.o(i.usart_receive_config)
    usart_stop_bit_set                       0x080108c7   Thumb Code    16  gd32f30x_usart.o(i.usart_stop_bit_set)
    usart_transmit_config                    0x080108d7   Thumb Code    12  gd32f30x_usart.o(i.usart_transmit_config)
    usart_word_length_set                    0x080108e3   Thumb Code    16  gd32f30x_usart.o(i.usart_word_length_set)
    uxListRemove                             0x080108f3   Thumb Code    38  list.o(i.uxListRemove)
    vListInitialise                          0x08010919   Thumb Code    22  list.o(i.vListInitialise)
    vListInitialiseItem                      0x0801092f   Thumb Code     6  list.o(i.vListInitialiseItem)
    vListInsert                              0x08010935   Thumb Code    48  list.o(i.vListInsert)
    vListInsertEnd                           0x08010965   Thumb Code    24  list.o(i.vListInsertEnd)
    vPortEnterCritical                       0x0801097d   Thumb Code    54  port.o(i.vPortEnterCritical)
    vPortExitCritical                        0x080109bd   Thumb Code    34  port.o(i.vPortExitCritical)
    vPortFree                                0x080109e5   Thumb Code    88  heap_4.o(i.vPortFree)
    vPortSetupTimerInterrupt                 0x08010a41   Thumb Code    32  port.o(i.vPortSetupTimerInterrupt)
    vPortValidateInterruptPriority           0x08010a65   Thumb Code    74  port.o(i.vPortValidateInterruptPriority)
    vQueueAddToRegistry                      0x08010ab9   Thumb Code    32  queue.o(i.vQueueAddToRegistry)
    vQueueWaitForMessageRestricted           0x08010add   Thumb Code    68  queue.o(i.vQueueWaitForMessageRestricted)
    vTaskDelay                               0x08010b21   Thumb Code    66  tasks.o(i.vTaskDelay)
    vTaskDelete                              0x08010b6d   Thumb Code   158  tasks.o(i.vTaskDelete)
    vTaskInternalSetTimeOutState             0x08010c19   Thumb Code    12  tasks.o(i.vTaskInternalSetTimeOutState)
    vTaskMissedYield                         0x08010c29   Thumb Code     8  tasks.o(i.vTaskMissedYield)
    vTaskPlaceOnEventList                    0x08010c35   Thumb Code    44  tasks.o(i.vTaskPlaceOnEventList)
    vTaskPlaceOnEventListRestricted          0x08010c65   Thumb Code    52  tasks.o(i.vTaskPlaceOnEventListRestricted)
    vTaskPriorityDisinheritAfterTimeout      0x08010c9d   Thumb Code   162  tasks.o(i.vTaskPriorityDisinheritAfterTimeout)
    vTaskStartScheduler                      0x08010d49   Thumb Code    94  tasks.o(i.vTaskStartScheduler)
    vTaskSuspendAll                          0x08010db9   Thumb Code    10  tasks.o(i.vTaskSuspendAll)
    vTaskSwitchContext                       0x08010dc9   Thumb Code    82  tasks.o(i.vTaskSwitchContext)
    xPortStartScheduler                      0x08010e25   Thumb Code   224  port.o(i.xPortStartScheduler)
    xQueueCreateCountingSemaphore            0x08010f19   Thumb Code    58  queue.o(i.xQueueCreateCountingSemaphore)
    xQueueCreateMutex                        0x08010f53   Thumb Code    36  queue.o(i.xQueueCreateMutex)
    xQueueGenericCreate                      0x08010f77   Thumb Code    82  queue.o(i.xQueueGenericCreate)
    xQueueGenericReset                       0x08010fc9   Thumb Code   132  queue.o(i.xQueueGenericReset)
    xQueueGenericSend                        0x08011051   Thumb Code   350  queue.o(i.xQueueGenericSend)
    xQueueGenericSendFromISR                 0x080111b5   Thumb Code   188  queue.o(i.xQueueGenericSendFromISR)
    xQueueGiveFromISR                        0x08011271   Thumb Code   156  queue.o(i.xQueueGiveFromISR)
    xQueueReceive                            0x0801130d   Thumb Code   308  queue.o(i.xQueueReceive)
    xQueueReceiveFromISR                     0x08011445   Thumb Code   154  queue.o(i.xQueueReceiveFromISR)
    xQueueSemaphoreTake                      0x080114e1   Thumb Code   372  queue.o(i.xQueueSemaphoreTake)
    xTaskCheckForTimeOut                     0x08011659   Thumb Code   112  tasks.o(i.xTaskCheckForTimeOut)
    xTaskCreate                              0x080116cd   Thumb Code    86  tasks.o(i.xTaskCreate)
    xTaskGenericNotify                       0x08011725   Thumb Code   212  tasks.o(i.xTaskGenericNotify)
    xTaskGetSchedulerState                   0x08011805   Thumb Code    22  tasks.o(i.xTaskGetSchedulerState)
    xTaskGetTickCount                        0x08011821   Thumb Code     6  tasks.o(i.xTaskGetTickCount)
    xTaskGetTickCountFromISR                 0x0801182d   Thumb Code    12  tasks.o(i.xTaskGetTickCountFromISR)
    xTaskIncrementTick                       0x0801183d   Thumb Code   192  tasks.o(i.xTaskIncrementTick)
    xTaskNotifyWait                          0x08011905   Thumb Code   130  tasks.o(i.xTaskNotifyWait)
    xTaskPriorityDisinherit                  0x08011991   Thumb Code   144  tasks.o(i.xTaskPriorityDisinherit)
    xTaskPriorityInherit                     0x08011a29   Thumb Code   140  tasks.o(i.xTaskPriorityInherit)
    xTaskRemoveFromEventList                 0x08011abd   Thumb Code   108  tasks.o(i.xTaskRemoveFromEventList)
    xTaskResumeAll                           0x08011b31   Thumb Code   182  tasks.o(i.xTaskResumeAll)
    xTimerCreate                             0x08011bf5   Thumb Code    78  timers.o(i.xTimerCreate)
    xTimerCreateTimerTask                    0x08011c45   Thumb Code    58  timers.o(i.xTimerCreateTimerTask)
    xTimerGenericCommand                     0x08011c91   Thumb Code    94  timers.o(i.xTimerGenericCommand)
    ipinit_tab                               0x08012038   Data         300  bswsrv_air720.o(.constdata)
    __ctype_categories                       0x080145b4   Data          64  ctype_c.o(.constdata)
    Region$$Table$$Base                      0x0801485c   Number         0  anon$$obj.o(Region$$Table)
    Region$$Table$$Limit                     0x0801487c   Number         0  anon$$obj.o(Region$$Table)
    TestRF433Addres                          0x2000000c   Data           4  app_producttest.o(.data)
    isCheckRF433                             0x20000010   Data           1  app_producttest.o(.data)
    readRF433Addr                            0x20000014   Data           4  app_producttest.o(.data)
    wifiInitFlag                             0x20000044   Data           1  bswsrv_wifibluetask.o(.data)
    CardUpgradeHandle_t                      0x20000054   Data           4  bswsrv_fwupgrade.o(.data)
    flash_partition                          0x20000068   Data          32  bswsrv_flashusr.o(.data)
    ComRxSem                                 0x20000088   Data           4  bswdrv_usart.o(.data)
    UARTx_IRQn                               0x2000008c   Data           5  bswdrv_usart.o(.data)
    USARTX                                   0x20000094   Data          20  bswdrv_usart.o(.data)
    RCU_GPIOX                                0x200000a8   Data          10  bswdrv_usart.o(.data)
    RCU_USARTX                               0x200000b2   Data          10  bswdrv_usart.o(.data)
    RCU_USART_TX_PORT                        0x200000bc   Data          20  bswdrv_usart.o(.data)
    RCU_USART_RX_PORT                        0x200000d0   Data          20  bswdrv_usart.o(.data)
    GPIO_PIN_TX                              0x200000e4   Data          20  bswdrv_usart.o(.data)
    GPIO_PIN_RX                              0x200000f8   Data          20  bswdrv_usart.o(.data)
    rfState                                  0x20000110   Data           1  bswdrv_ic_rf433.o(.data)
    syncFlag                                 0x20000111   Data           1  bswdrv_ic_rf433.o(.data)
    recAddrLen                               0x20000112   Data           1  bswdrv_ic_rf433.o(.data)
    readvalue                                0x20000114   Data           2  bswdrv_ic_rf433.o(.data)
    lastRecordVal                            0x20000116   Data           2  bswdrv_ic_rf433.o(.data)
    lastRecordCount                          0x20000118   Data           2  bswdrv_ic_rf433.o(.data)
    count                                    0x2000011c   Data           4  bswdrv_ic_rf433.o(.data)
    currentRfAddr                            0x20000120   Data           4  bswdrv_ic_rf433.o(.data)
    SystemCoreClock                          0x2000012c   Data           4  system_gd32f30x.o(.data)
    pxCurrentTCB                             0x20000154   Data           4  tasks.o(.data)
    __stdout                                 0x200001a4   Data           4  stdout.o(.data)
    gProtoSendBuff                           0x200001a8   Data         256  app_netproto.o(.bss)
    cardAuthorMsg                            0x200002a8   Data          28  app_netproto.o(.bss)
    gCBSendBuffer                            0x200002c4   Data         128  app_cardboardproto.o(.bss)
    netBuffer                                0x20000344   Data         256  bswsrv_nettask.o(.bss)
    gCTRecvBuffer                            0x20000444   Data         200  bswsrv_producttest.o(.bss)
    upgradeInfo                              0x2000060b   Data          21  bswsrv_fwupgrade.o(.bss)
    gCBRecvBuffer                            0x200007b4   Data         128  bswsrv_cardboard.o(.bss)
    gprsBuffer                               0x20000934   Data         512  bswsrv_air720.o(.bss)
    gGsmRecvFifo                             0x20000b34   Data          12  bswsrv_air720.o(.bss)
    rWifiFifo                                0x20001380   Data          12  bswsrv_wg215.o(.bss)
    rBlueFifo                                0x2000138c   Data          12  bswsrv_wg215.o(.bss)
    wifiBlueFifo                             0x20001398   Data          12  bswsrv_wg215.o(.bss)
    SystemInfo                               0x200013a4   Data         320  bswsrv_system.o(.bss)
    GlobalInfo                               0x200014e4   Data         104  bswsrv_system.o(.bss)
    UARTx_RxBuff0                            0x2000156c   Data         200  bswdrv_usart.o(.bss)
    UARTx_RxBuff1                            0x20001634   Data         256  bswdrv_usart.o(.bss)
    UARTx_RxBuff2                            0x20001734   Data         512  bswdrv_usart.o(.bss)
    UARTx_RxBuff3                            0x20001934   Data         128  bswdrv_usart.o(.bss)
    UartPortHandleInfo                       0x200019b4   Data          80  bswdrv_usart.o(.bss)
    xQueueRegistry                           0x20005aa8   Data          64  queue.o(.bss)
    __initial_sp                             0x20006430   Data           0  startup_gd32f30x_hd.o(STACK)



==============================================================================

Memory Map of the image

  Image Entry point : 0x08003131

  Load Region LR_IROM1 (Base: 0x08003000, Size: 0x00011a24, Max: 0x00040000, ABSOLUTE, COMPRESSED[0x00011908])

    Execution Region ER_IROM1 (Base: 0x08003000, Size: 0x0001187c, Max: 0x00040000, ABSOLUTE)

    Base Addr    Size         Type   Attr      Idx    E Section Name        Object

    0x08003000   0x00000130   Data   RO         2780    RESET               startup_gd32f30x_hd.o
    0x08003130   0x00000000   Code   RO         8147  * .ARM.Collect$$$$00000000  mc_w.l(entry.o)
    0x08003130   0x00000004   Code   RO         8462    .ARM.Collect$$$$00000001  mc_w.l(entry2.o)
    0x08003134   0x00000004   Code   RO         8465    .ARM.Collect$$$$00000004  mc_w.l(entry5.o)
    0x08003138   0x00000000   Code   RO         8467    .ARM.Collect$$$$00000008  mc_w.l(entry7b.o)
    0x08003138   0x00000000   Code   RO         8469    .ARM.Collect$$$$0000000A  mc_w.l(entry8b.o)
    0x08003138   0x00000008   Code   RO         8470    .ARM.Collect$$$$0000000B  mc_w.l(entry9a.o)
    0x08003140   0x00000000   Code   RO         8472    .ARM.Collect$$$$0000000D  mc_w.l(entry10a.o)
    0x08003140   0x00000000   Code   RO         8474    .ARM.Collect$$$$0000000F  mc_w.l(entry11a.o)
    0x08003140   0x00000004   Code   RO         8463    .ARM.Collect$$$$00002712  mc_w.l(entry2.o)
    0x08003144   0x000000aa   Code   RO         3059    .emb_text           port.o
    0x080031ee   0x00000002   PAD
    0x080031f0   0x00000024   Code   RO         2781    .text               startup_gd32f30x_hd.o
    0x08003214   0x000000a8   Code   RO         8154    .text               mc_w.l(mktime.o)
    0x080032bc   0x00000040   Code   RO         8159    .text               mc_w.l(memmovea.o)
    0x080032fc   0x00000024   Code   RO         8163    .text               mc_w.l(memseta.o)
    0x08003320   0x00000018   Code   RO         8165    .text               mc_w.l(strcat.o)
    0x08003338   0x00000024   Code   RO         8167    .text               mc_w.l(strstr.o)
    0x0800335c   0x00000018   Code   RO         8169    .text               mc_w.l(strncpy.o)
    0x08003374   0x00000014   Code   RO         8171    .text               mc_w.l(strchr.o)
    0x08003388   0x0000000e   Code   RO         8173    .text               mc_w.l(strlen.o)
    0x08003396   0x0000001a   Code   RO         8175    .text               mc_w.l(memcmp.o)
    0x080033b0   0x00000012   Code   RO         8177    .text               mc_w.l(strcpy.o)
    0x080033c2   0x00000002   PAD
    0x080033c4   0x00000038   Code   RO         8444    .text               mc_w.l(__0sscanf.o)
    0x080033fc   0x0000014c   Code   RO         8446    .text               mc_w.l(_scanf_int.o)
    0x08003548   0x0000014e   Code   RO         8448    .text               mf_w.l(dadd.o)
    0x08003696   0x000000e4   Code   RO         8450    .text               mf_w.l(dmul.o)
    0x0800377a   0x000000de   Code   RO         8452    .text               mf_w.l(ddiv.o)
    0x08003858   0x0000002e   Code   RO         8454    .text               mf_w.l(dscalb.o)
    0x08003886   0x0000001a   Code   RO         8456    .text               mf_w.l(dfltui.o)
    0x080038a0   0x00000032   Code   RO         8458    .text               mf_w.l(ffixi.o)
    0x080038d2   0x00000038   Code   RO         8460    .text               mf_w.l(d2f.o)
    0x0800390a   0x00000062   Code   RO         8479    .text               mc_w.l(uldiv.o)
    0x0800396c   0x0000001e   Code   RO         8481    .text               mc_w.l(llshl.o)
    0x0800398a   0x00000024   Code   RO         8483    .text               mc_w.l(llsshr.o)
    0x080039ae   0x00000002   PAD
    0x080039b0   0x0000000c   Code   RO         8485    .text               mc_w.l(localtime_w.o)
    0x080039bc   0x0000008c   Code   RO         8488    .text               mc_w.l(localtime_i.o)
    0x08003a48   0x0000001c   Code   RO         8491    .text               mc_w.l(_chval.o)
    0x08003a64   0x00000028   Code   RO         8493    .text               mc_w.l(scanf_char.o)
    0x08003a8c   0x00000040   Code   RO         8495    .text               mc_w.l(_sgetc.o)
    0x08003acc   0x00000000   Code   RO         8497    .text               mc_w.l(iusefp.o)
    0x08003acc   0x0000006e   Code   RO         8498    .text               mf_w.l(fepilogue.o)
    0x08003b3a   0x000000ba   Code   RO         8500    .text               mf_w.l(depilogue.o)
    0x08003bf4   0x00000024   Code   RO         8506    .text               mc_w.l(init.o)
    0x08003c18   0x00000020   Code   RO         8508    .text               mc_w.l(llushr.o)
    0x08003c38   0x0000000a   Code   RO         8510    .text               mc_w.l(isspace_c.o)
    0x08003c42   0x00000002   PAD
    0x08003c44   0x0000032c   Code   RO         8512    .text               mc_w.l(_scanf.o)
    0x08003f70   0x00000028   Code   RO         8514    .text               mc_w.l(ctype_c.o)
    0x08003f98   0x00000056   Code   RO         8525    .text               mc_w.l(__dczerorl2.o)
    0x08003fee   0x00000002   PAD
    0x08003ff0   0x000003a8   Code   RO         1702    i.AES_encrypt       bswsrv_aes.o
    0x08004398   0x000002c0   Code   RO         1704    i.AES_set_encrypt_key  bswsrv_aes.o
    0x08004658   0x00000038   Code   RO          723    i.APP_Init          app.o
    0x08004690   0x00000074   Code   RO          309    i.App_BlueSendHeartBeatACK  app_blueproto.o
    0x08004704   0x000000c0   Code   RO          310    i.App_BlueSetWifiInfoProc  app_blueproto.o
    0x080047c4   0x00000104   Code   RO          311    i.App_BlueShakeReqProc  app_blueproto.o
    0x080048c8   0x00000026   Code   RO          312    i.App_Blue_SendData  app_blueproto.o
    0x080048ee   0x00000002   PAD
    0x080048f0   0x00000038   Code   RO          313    i.App_Blue_SendHeartBat  app_blueproto.o
    0x08004928   0x000000a8   Code   RO          514    i.App_CBFrameHandle  app_cardboardproto.o
    0x080049d0   0x00000084   Code   RO          515    i.App_CB_DownFW     app_cardboardproto.o
    0x08004a54   0x000001a0   Code   RO          516    i.App_CB_Handle_BaseInfo  app_cardboardproto.o
    0x08004bf4   0x00000040   Code   RO          517    i.App_CB_SendData   app_cardboardproto.o
    0x08004c34   0x00000024   Code   RO          518    i.App_CB_SendStartUpgrade  app_cardboardproto.o
    0x08004c58   0x00000328   Code   RO          314    i.App_HandleBlueFrame  app_blueproto.o
    0x08004f80   0x0000033c   Code   RO          216    i.App_MainTask      app_main.o
    0x080052bc   0x000001e8   Code   RO          368    i.App_NetFrameHandle  app_netproto.o
    0x080054a4   0x000000d4   Code   RO          369    i.App_NetProto_HandleAuthCard  app_netproto.o
    0x08005578   0x000000fc   Code   RO          370    i.App_NetProto_HandleDownDevList  app_netproto.o
    0x08005674   0x000000cc   Code   RO          371    i.App_NetProto_HandleHeartBat  app_netproto.o
    0x08005740   0x000000a0   Code   RO          372    i.App_NetProto_HandleLogin  app_netproto.o
    0x080057e0   0x000000c0   Code   RO          373    i.App_NetProto_HandleRegister  app_netproto.o
    0x080058a0   0x000000bc   Code   RO          374    i.App_NetProto_HandleRemoteCtrl  app_netproto.o
    0x0800595c   0x00000160   Code   RO          375    i.App_NetProto_HandleUpgrade  app_netproto.o
    0x08005abc   0x00000050   Code   RO          377    i.App_NetProto_SendBindDeviceAck  app_netproto.o
    0x08005b0c   0x00000078   Code   RO          378    i.App_NetProto_SendCardAuthReq  app_netproto.o
    0x08005b84   0x0000008c   Code   RO          380    i.App_NetProto_SendEventNotice  app_netproto.o
    0x08005c10   0x00000080   Code   RO          381    i.App_NetProto_SendHeartBeat  app_netproto.o
    0x08005c90   0x0000008c   Code   RO          382    i.App_NetProto_SendRegister  app_netproto.o
    0x08005d1c   0x00000044   Code   RO          383    i.App_NetProto_SendRemoCtrlAck  app_netproto.o
    0x08005d60   0x000000ec   Code   RO          385    i.App_NetProto_SendStartUpNotice  app_netproto.o
    0x08005e4c   0x0000002c   Code   RO          626    i.App_ProTest_4GTestFinish  app_producttest.o
    0x08005e78   0x0000008c   Code   RO          627    i.App_ProTest_Flash  app_producttest.o
    0x08005f04   0x000007d4   Code   RO          628    i.App_ProTest_FrameHandle  app_producttest.o
    0x080066d8   0x0000002c   Code   RO          629    i.App_ProTest_Init  app_producttest.o
    0x08006704   0x0000003e   Code   RO          630    i.App_ProTest_SendCardInfo  app_producttest.o
    0x08006742   0x00000028   Code   RO          631    i.App_ProTest_SendKeyInfo  app_producttest.o
    0x0800676a   0x0000002a   Code   RO          632    i.App_ProTest_SendNetTestACK  app_producttest.o
    0x08006794   0x00000044   Code   RO          633    i.App_ProTest_SendPkt  app_producttest.o
    0x080067d8   0x0000003c   Code   RO          634    i.App_ProTest_SendRF433Rst  app_producttest.o
    0x08006814   0x0000002c   Code   RO          635    i.App_ProTest_WIFITestFinish  app_producttest.o
    0x08006840   0x000000c4   Code   RO          217    i.App_ReadCard_CallBack  app_main.o
    0x08006904   0x0000000c   Code   RO          586    i.App_Upgrade_Finish  app_upgrade.o
    0x08006910   0x00000020   Code   RO          587    i.App_Upgrade_Init  app_upgrade.o
    0x08006930   0x00000190   Code   RO          588    i.App_Upgrade_Write  app_upgrade.o
    0x08006ac0   0x00000068   Code   RO         1392    i.BSPSendWifiData   bswsrv_wg215.o
    0x08006b28   0x0000007c   Code   RO         2308    i.BswDrv_ADC_GetSensorTemp  bswdrv_adc.o
    0x08006ba4   0x00000004   Code   RO         2309    i.BswDrv_ADC_Init   bswdrv_adc.o
    0x08006ba8   0x0000000c   Code   RO         2310    i.BswDrv_ADC_Start  bswdrv_adc.o
    0x08006bb4   0x00000080   Code   RO         2311    i.BswDrv_ADC_TempSensorInit  bswdrv_adc.o
    0x08006c34   0x0000001a   Code   RO         2574    i.BswDrv_FM175XX_Check  bswdrv_spi_fm175xx.o
    0x08006c4e   0x00000002   PAD
    0x08006c50   0x0000004c   Code   RO         2575    i.BswDrv_FM175XX_Init  bswdrv_spi_fm175xx.o
    0x08006c9c   0x00000068   Code   RO         2576    i.BswDrv_FM175XX_Reset  bswdrv_spi_fm175xx.o
    0x08006d04   0x00000090   Code   RO         2577    i.BswDrv_FM175XX_SetPowerDown  bswdrv_spi_fm175xx.o
    0x08006d94   0x00000002   Code   RO         2065    i.BswDrv_FeedWatchDog  bswdrv_watchdog.o
    0x08006d96   0x0000002c   Code   RO         1963    i.BswDrv_GPIO_EXIT_init  bswdrv_gpio.o
    0x08006dc2   0x00000002   PAD
    0x08006dc4   0x000001e0   Code   RO         1964    i.BswDrv_GPIO_Init  bswdrv_gpio.o
    0x08006fa4   0x00000034   Code   RO         2030    i.BswDrv_HwDelay_100us  bswdrv_delay.o
    0x08006fd8   0x00000026   Code   RO         2213    i.BswDrv_IIC_ReadData  bswdrv_iic.o
    0x08006ffe   0x00000026   Code   RO         2214    i.BswDrv_IIC_WritedData  bswdrv_iic.o
    0x08007024   0x0000003c   Code   RO         2215    i.BswDrv_IIC_init   bswdrv_iic.o
    0x08007060   0x0000003a   Code   RO         2760    i.BswDrv_Init       bswdrv.o
    0x0800709a   0x00000002   PAD
    0x0800709c   0x0000008c   Code   RO         1965    i.BswDrv_OpenDoor   bswdrv_gpio.o
    0x08007128   0x00000024   Code   RO         2531    i.BswDrv_RF433_Init  bswdrv_ic_rf433.o
    0x0800714c   0x0000004c   Code   RO         1906    i.BswDrv_RtcInit    bswdrv_rtc.o
    0x08007198   0x00000034   Code   RO         2726    i.BswDrv_SC8042B_Init  bswdrv_sc8042b.o
    0x080071cc   0x00000064   Code   RO         2178    i.BswDrv_SPI_Init   bswdrv_spi.o
    0x08007230   0x00000006   Code   RO         2179    i.BswDrv_SPI_ReadByte  bswdrv_spi.o
    0x08007236   0x00000030   Code   RO         2180    i.BswDrv_SPI_ReadWriteByte  bswdrv_spi.o
    0x08007266   0x00000002   PAD
    0x08007268   0x00000064   Code   RO         2727    i.BswDrv_Sc8042bSpeech  bswdrv_sc8042b.o
    0x080072cc   0x00000018   Code   RO         2031    i.BswDrv_SoftDelay_ms  bswdrv_delay.o
    0x080072e4   0x00000032   Code   RO         2032    i.BswDrv_SoftDelay_us  bswdrv_delay.o
    0x08007316   0x00000002   PAD
    0x08007318   0x00000084   Code   RO         2685    i.BswDrv_SysFlashErase  bswdrv_sys_flash.o
    0x0800739c   0x00000058   Code   RO         2686    i.BswDrv_SysFlashInit  bswdrv_sys_flash.o
    0x080073f4   0x00000016   Code   RO         2687    i.BswDrv_SysFlashRead  bswdrv_sys_flash.o
    0x0800740a   0x00000002   PAD
    0x0800740c   0x000000a8   Code   RO         2688    i.BswDrv_SysFlashWrite  bswdrv_sys_flash.o
    0x080074b4   0x00000054   Code   RO         2001    i.BswDrv_Timer_Init  bswdrv_timer.o
    0x08007508   0x00000010   Code   RO         2091    i.BswDrv_UsartFifo_Flush  bswdrv_usart.o
    0x08007518   0x00000010   Code   RO         2092    i.BswDrv_UsartGetOneData  bswdrv_usart.o
    0x08007528   0x00000052   Code   RO         2093    i.BswDrv_UsartInit  bswdrv_usart.o
    0x0800757a   0x00000002   PAD
    0x0800757c   0x00000074   Code   RO         2094    i.BswDrv_UsartSend  bswdrv_usart.o
    0x080075f0   0x00000002   Code   RO         2066    i.BswDrv_WatchDogInit  bswdrv_watchdog.o
    0x080075f2   0x00000002   PAD
    0x080075f4   0x0000008c   Code   RO         1191    i.BswSrv_Air720_CloseSocket  bswsrv_air720.o
    0x08007680   0x00000a6c   Code   RO         1192    i.BswSrv_Air720_FtpGet  bswsrv_air720.o
    0x080080ec   0x00000034   Code   RO         1193    i.BswSrv_Air720_GetSignal  bswsrv_air720.o
    0x08008120   0x00000048   Code   RO         1194    i.BswSrv_Air720_GetSocketState  bswsrv_air720.o
    0x08008168   0x00000014   Code   RO         1196    i.BswSrv_Air720_Init  bswsrv_air720.o
    0x0800817c   0x0000014c   Code   RO         1197    i.BswSrv_Air720_Reconnect  bswsrv_air720.o
    0x080082c8   0x000001d0   Code   RO         1198    i.BswSrv_Air720_SendData  bswsrv_air720.o
    0x08008498   0x00000074   Code   RO          315    i.BswSrv_Blue_ConnectState_Callback  app_blueproto.o
    0x0800850c   0x00000020   Code   RO         1393    i.BswSrv_Blue_Disconnent  bswsrv_wg215.o
    0x0800852c   0x00000004   Code   RO          316    i.BswSrv_Blue_RxData_Callback  app_blueproto.o
    0x08008530   0x00000064   Code   RO         1394    i.BswSrv_Bule_SendData  bswsrv_wg215.o
    0x08008594   0x0000000c   Code   RO         1142    i.BswSrv_CB_Init    bswsrv_cardboard.o
    0x080085a0   0x000001cc   Code   RO         1143    i.BswSrv_CB_RecvData  bswsrv_cardboard.o
    0x0800876c   0x00000024   Code   RO         1144    i.BswSrv_CB_Reset   bswsrv_cardboard.o
    0x08008790   0x00000004   Code   RO          520    i.BswSrv_CB_RxData_Callback  app_cardboardproto.o
    0x08008794   0x0000000a   Code   RO         1146    i.BswSrv_CB_SendData  bswsrv_cardboard.o
    0x0800879e   0x00000010   Code   RO         1780    i.BswSrv_CharToRF433Addr  bswsrv_system.o
    0x080087ae   0x00000002   PAD
    0x080087b0   0x0000003c   Code   RO          840    i.BswSrv_CheckSocketState  bswsrv_nettask.o
    0x080087ec   0x00000014   Code   RO          841    i.BswSrv_CloseNetWork  bswsrv_nettask.o
    0x08008800   0x0000001c   Code   RO          842    i.BswSrv_CloseSocket  bswsrv_nettask.o
    0x0800881c   0x0000000e   Code   RO         1781    i.BswSrv_GetCpuTemp  bswsrv_system.o
    0x0800882a   0x00000002   PAD
    0x0800882c   0x00000060   Code   RO         1782    i.BswSrv_GetHWId    bswsrv_system.o
    0x0800888c   0x00000014   Code   RO          843    i.BswSrv_GetSignal  bswsrv_nettask.o
    0x080088a0   0x00000022   Code   RO         1877    i.BswSrv_Init       bswsrv.o
    0x080088c2   0x00000002   PAD
    0x080088c4   0x00000028   Code   RO         1658    i.BswSrv_Key_Init   bswsrv_key.o
    0x080088ec   0x000000a8   Code   RO         1659    i.BswSrv_Key_Loop   bswsrv_key.o
    0x08008994   0x00000058   Code   RO          219    i.BswSrv_Key_Values  app_main.o
    0x080089ec   0x0000037c   Code   RO         1783    i.BswSrv_LoadSystemInfo  bswsrv_system.o
    0x08008d68   0x00000004   Code   RO          386    i.BswSrv_Net_RxData_Callback  app_netproto.o
    0x08008d6c   0x000001f8   Code   RO          911    i.BswSrv_ProTest_RecvData  bswsrv_producttest.o
    0x08008f64   0x00000004   Code   RO          636    i.BswSrv_ProTest_RxData_Callback  app_producttest.o
    0x08008f68   0x00000010   Code   RO          913    i.BswSrv_ProTest_SendData  bswsrv_producttest.o
    0x08008f78   0x00000070   Code   RO          220    i.BswSrv_RF433_EventTimeout  app_main.o
    0x08008fe8   0x0000005c   Code   RO         1083    i.BswSrv_RF433_GetWaringDevice  bswsrv_rf433.o
    0x08009044   0x00000058   Code   RO         1084    i.BswSrv_RF433_LoadDevInfo  bswsrv_rf433.o
    0x0800909c   0x00000048   Code   RO         1085    i.BswSrv_RF433_Loop_EventTimeout  bswsrv_rf433.o
    0x080090e4   0x0000003c   Code   RO          845    i.BswSrv_ResetNetWork  bswsrv_nettask.o
    0x08009120   0x0000002c   Code   RO          846    i.BswSrv_SendSokcetData  bswsrv_nettask.o
    0x0800914c   0x0000008c   Code   RO          998    i.BswSrv_StartCardBoard_UpgradeTask  bswsrv_fwupgrade.o
    0x080091d8   0x00000030   Code   RO         1785    i.BswSrv_SystemReboot  bswsrv_system.o
    0x08009208   0x00000180   Code   RO         1786    i.BswSrv_SystemResetRecord  bswsrv_system.o
    0x08009388   0x00000064   Code   RO         1787    i.BswSrv_Tool_BCDToString  bswsrv_system.o
    0x080093ec   0x0000001a   Code   RO         1788    i.BswSrv_Tool_CheckSum  bswsrv_system.o
    0x08009406   0x00000018   Code   RO         1790    i.BswSrv_Tool_isArraryEmpty  bswsrv_system.o
    0x0800941e   0x00000002   PAD
    0x08009420   0x00000050   Code   RO          999    i.BswSrv_Upgrade_ReadHeadInfo  bswsrv_fwupgrade.o
    0x08009470   0x00000018   Code   RO         1000    i.BswSrv_Upgrade_SendNotify  bswsrv_fwupgrade.o
    0x08009488   0x00000048   Code   RO         1395    i.BswSrv_WG215_Init  bswsrv_wg215.o
    0x080094d0   0x000000a8   Code   RO         1396    i.BswSrv_WG215_StartBlue  bswsrv_wg215.o
    0x08009578   0x000000b8   Code   RO         1397    i.BswSrv_WG215_StartUp  bswsrv_wg215.o
    0x08009630   0x000000c4   Code   RO         1398    i.BswSrv_WG215_StartWifi  bswsrv_wg215.o
    0x080096f4   0x00000064   Code   RO         1399    i.BswSrv_WIFI_CloseSocket  bswsrv_wg215.o
    0x08009758   0x00000034   Code   RO         1400    i.BswSrv_WIFI_ConnectStatus  bswsrv_wg215.o
    0x0800978c   0x000005d8   Code   RO         1401    i.BswSrv_WIFI_HttpGet  bswsrv_wg215.o
    0x08009d64   0x000001f4   Code   RO         1402    i.BswSrv_WIFI_SendSocketData  bswsrv_wg215.o
    0x08009f58   0x00000030   Code   RO         1403    i.BuleCreatGATTSSRVCRE  bswsrv_wg215.o
    0x08009f88   0x000000c0   Code   RO         1404    i.BuleScanRSPDATA   bswsrv_wg215.o
    0x0800a048   0x00000020   Code   RO         1405    i.BuleSetBLEADVDATA  bswsrv_wg215.o
    0x0800a068   0x0000003c   Code   RO         1406    i.BuleSetBLEADVPARAM  bswsrv_wg215.o
    0x0800a0a4   0x0000004c   Code   RO         1407    i.BuleSetClient     bswsrv_wg215.o
    0x0800a0f0   0x000000a8   Code   RO         1408    i.BuleSetName       bswsrv_wg215.o
    0x0800a198   0x00000030   Code   RO         1409    i.BuleStartBroadCast  bswsrv_wg215.o
    0x0800a1c8   0x00000034   Code   RO         1410    i.BuleStartGATTSSRVCRE  bswsrv_wg215.o
    0x0800a1fc   0x00000324   Code   RO         1001    i.CardBoard_UpgradeTask  bswsrv_fwupgrade.o
    0x0800a520   0x00000020   Code   RO         1200    i.CheckModeCmd      bswsrv_air720.o
    0x0800a540   0x0000018c   Code   RO          796    i.Check_M1_Card     bswsrv_nfcard_task.o
    0x0800a6cc   0x00000018   Code   RO         2578    i.Clear_BitMask     bswdrv_spi_fm175xx.o
    0x0800a6e4   0x00000018   Code   RO         2579    i.Clear_FIFO        bswdrv_spi_fm175xx.o
    0x0800a6fc   0x000000f8   Code   RO          764    i.ComTask           bswsrv_comtask.o
    0x0800a7f4   0x0000004c   Code   RO         2002    i.Delay_Timer_Init  bswdrv_timer.o
    0x0800a840   0x00000024   Code   RO         1791    i.EXTI0_IRQHandler  bswsrv_system.o
    0x0800a864   0x00000030   Code   RO         1661    i.EXTI4_IRQHandler  bswsrv_key.o
    0x0800a894   0x00000010   Code   RO         2346    i.FIFO_S_Flush      bswdrv_fifo.o
    0x0800a8a4   0x00000036   Code   RO         2347    i.FIFO_S_Get        bswdrv_fifo.o
    0x0800a8da   0x0000000e   Code   RO         2348    i.FIFO_S_Init       bswdrv_fifo.o
    0x0800a8e8   0x00000042   Code   RO         2350    i.FIFO_S_Put        bswdrv_fifo.o
    0x0800a92a   0x00000002   PAD
    0x0800a92c   0x00000030   Code   RO         2580    i.FM175XX_HardReset  bswdrv_spi_fm175xx.o
    0x0800a95c   0x00000028   Code   RO         1744    i.FlashErase        bswsrv_flashusr.o
    0x0800a984   0x00000014   Code   RO         1745    i.FlashReadSysInfo  bswsrv_flashusr.o
    0x0800a998   0x00000078   Code   RO         1746    i.FlashWriteSysInfo  bswsrv_flashusr.o
    0x0800aa10   0x00000068   Code   RO         1201    i.FtpWaitData       bswsrv_air720.o
    0x0800aa78   0x00000088   Code   RO         1202    i.GetCcidSn         bswsrv_air720.o
    0x0800ab00   0x00000054   Code   RO         1907    i.GetCurrentTime    bswdrv_rtc.o
    0x0800ab54   0x00000010   Code   RO          387    i.GetFrameStrSn     app_netproto.o
    0x0800ab64   0x0000001a   Code   RO         1909    i.GetTimeStamp      bswdrv_rtc.o
    0x0800ab7e   0x00000002   PAD
    0x0800ab80   0x00000374   Code   RO         1203    i.GprsCheckRes      bswsrv_air720.o
    0x0800aef4   0x00000064   Code   RO         1204    i.GprsSendCmd       bswsrv_air720.o
    0x0800af58   0x000000a8   Code   RO         1411    i.HttpGetData       bswsrv_wg215.o
    0x0800b000   0x00000064   Code   RO         1412    i.HttpGetServerData  bswsrv_wg215.o
    0x0800b064   0x00000234   Code   RO         1413    i.HttpSendCmd       bswsrv_wg215.o
    0x0800b298   0x00000060   Code   RO         2217    i.IIC_Ack           bswdrv_iic.o
    0x0800b2f8   0x00000094   Code   RO         2218    i.IIC_ReadData      bswdrv_iic.o
    0x0800b38c   0x0000006c   Code   RO         2219    i.IIC_Read_Byte     bswdrv_iic.o
    0x0800b3f8   0x00000090   Code   RO         2220    i.IIC_SendData      bswdrv_iic.o
    0x0800b488   0x0000007c   Code   RO         2221    i.IIC_Send_Byte     bswdrv_iic.o
    0x0800b504   0x00000058   Code   RO         2222    i.IIC_Start         bswdrv_iic.o
    0x0800b55c   0x00000050   Code   RO         2223    i.IIC_Stop          bswdrv_iic.o
    0x0800b5ac   0x00000058   Code   RO         2224    i.IIC_Wait_Ack      bswdrv_iic.o
    0x0800b604   0x000000b4   Code   RO         2095    i.IRQHandler        bswdrv_usart.o
    0x0800b6b8   0x0000002e   Code   RO         1910    i.LinuxTickToDay    bswdrv_rtc.o
    0x0800b6e6   0x00000088   Code   RO         2395    i.Mifare_Auth       bswdrv_nfc.o
    0x0800b76e   0x0000003a   Code   RO         2398    i.Mifare_Blockread  bswdrv_nfc.o
    0x0800b7a8   0x00000184   Code   RO          797    i.NFCardTask        bswsrv_nfcard_task.o
    0x0800b92c   0x0000002c   Code   RO         1002    i.OAT_FwWrite       bswsrv_fwupgrade.o
    0x0800b958   0x000000f8   Code   RO         1003    i.OAT_Init          bswsrv_fwupgrade.o
    0x0800ba50   0x0000001c   Code   RO         1414    i.OS_WIFI_Delays    bswsrv_wg215.o
    0x0800ba6c   0x00000184   Code   RO         1004    i.OTA_Check         bswsrv_fwupgrade.o
    0x0800bbf0   0x00000030   Code   RO         1005    i.OTA_Finish        bswsrv_fwupgrade.o
    0x0800bc20   0x00000050   Code   RO         1006    i.OTA_Start         bswsrv_fwupgrade.o
    0x0800bc70   0x00000174   Code   RO         2581    i.Pcd_Comm          bswdrv_spi_fm175xx.o
    0x0800bde4   0x00000106   Code   RO         2582    i.Pcd_ConfigISOType  bswdrv_spi_fm175xx.o
    0x0800beea   0x00000052   Code   RO         2583    i.Pcd_SetTimer      bswdrv_spi_fm175xx.o
    0x0800bf3c   0x00000024   Code   RO         2728    i.PlayWaringVoice   bswdrv_sc8042b.o
    0x0800bf60   0x00000054   Code   RO         2502    i.PrintfData        bswdrv_debug.o
    0x0800bfb4   0x00000064   Code   RO          637    i.ProTest_Timeout   app_producttest.o
    0x0800c018   0x000000c8   Code   RO         1415    i.QuaryWifiApState  bswsrv_wg215.o
    0x0800c0e0   0x0000006c   Code   RO         1086    i.RF433_WaringOccurred_CallBack  bswsrv_rf433.o
    0x0800c14c   0x0000003a   Code   RO         1911    i.RTC_Configure     bswdrv_rtc.o
    0x0800c186   0x0000001c   Code   RO         2584    i.Read_FIFO         bswdrv_spi_fm175xx.o
    0x0800c1a2   0x00000002   PAD
    0x0800c1a4   0x00000040   Code   RO         2585    i.Read_Reg          bswdrv_spi_fm175xx.o
    0x0800c1e4   0x000001a4   Code   RO          950    i.RecvBtData        bswsrv_wifibluetask.o
    0x0800c388   0x0000029c   Code   RO          847    i.RecvNetData       bswsrv_nettask.o
    0x0800c624   0x000003ac   Code   RO          951    i.RecvWifiBlueToothData  bswsrv_wifibluetask.o
    0x0800c9d0   0x00000098   Code   RO         1205    i.SOCKET_open_set   bswsrv_air720.o
    0x0800ca68   0x00000074   Code   RO          388    i.SendProtoPkt      app_netproto.o
    0x0800cadc   0x00000018   Code   RO         1912    i.SetRtcCount       bswdrv_rtc.o
    0x0800caf4   0x00000018   Code   RO         2586    i.Set_BitMask       bswdrv_spi_fm175xx.o
    0x0800cb0c   0x0000004c   Code   RO         2587    i.Set_Rf            bswdrv_spi_fm175xx.o
    0x0800cb58   0x00000060   Code   RO         2225    i.SimIIC_ReadData   bswdrv_iic.o
    0x0800cbb8   0x00000088   Code   RO         2226    i.SimIIC_SendData   bswdrv_iic.o
    0x0800cc40   0x000003a0   Code   RO          848    i.SurfNet_Task      bswsrv_nettask.o
    0x0800cfe0   0x0000002c   Code   RO         3060    i.SysTick_Handler   port.o
    0x0800d00c   0x00000034   Code   RO         2788    i.SystemInit        system_gd32f30x.o
    0x0800d040   0x0000004c   Code   RO         1966    i.TIMER0_UP_IRQHandler  bswdrv_gpio.o
    0x0800d08c   0x00000134   Code   RO         2533    i.TIMER7_Channel_IRQHandler  bswdrv_ic_rf433.o
    0x0800d1c0   0x00000170   Code   RO         2403    i.TypeA_Anticollision  bswdrv_nfc.o
    0x0800d330   0x00000034   Code   RO         2404    i.TypeA_CardActivate  bswdrv_nfc.o
    0x0800d364   0x00000048   Code   RO         2405    i.TypeA_Halt        bswdrv_nfc.o
    0x0800d3ac   0x00000062   Code   RO         2406    i.TypeA_Request     bswdrv_nfc.o
    0x0800d40e   0x00000062   Code   RO         2407    i.TypeA_Select      bswdrv_nfc.o
    0x0800d470   0x00000042   Code   RO         2408    i.TypeA_Set_Bit_Framing  bswdrv_nfc.o
    0x0800d4b2   0x00000082   Code   RO         2409    i.TypeA_Set_NVB     bswdrv_nfc.o
    0x0800d534   0x00000006   Code   RO         2096    i.UART3_IRQHandler  bswdrv_usart.o
    0x0800d53a   0x00000006   Code   RO         2097    i.UART4_IRQHandler  bswdrv_usart.o
    0x0800d540   0x0000014c   Code   RO         2098    i.UARTx_Init        bswdrv_usart.o
    0x0800d68c   0x00000006   Code   RO         2099    i.USART0_IRQHandler  bswdrv_usart.o
    0x0800d692   0x00000006   Code   RO         2100    i.USART1_IRQHandler  bswdrv_usart.o
    0x0800d698   0x00000006   Code   RO         2101    i.USART2_IRQHandler  bswdrv_usart.o
    0x0800d69e   0x00000002   PAD
    0x0800d6a0   0x00000074   Code   RO         1007    i.Upgrade_FlashCheck  bswsrv_fwupgrade.o
    0x0800d714   0x00000138   Code   RO         1206    i.UsartGetline      bswsrv_air720.o
    0x0800d84c   0x00000024   Code   RO         1416    i.WifiBlueSetATE    bswsrv_wg215.o
    0x0800d870   0x00000168   Code   RO          952    i.WifiBlueTask      bswsrv_wifibluetask.o
    0x0800d9d8   0x00000028   Code   RO         1418    i.WifiBuleCheckVERCmd  bswsrv_wg215.o
    0x0800da00   0x00000028   Code   RO         1420    i.WifiBuleReset     bswsrv_wg215.o
    0x0800da28   0x00000024   Code   RO         1421    i.WifiBuleSendATCom  bswsrv_wg215.o
    0x0800da4c   0x0000002c   Code   RO         1422    i.WifiBuleSetStaApMode  bswsrv_wg215.o
    0x0800da78   0x00000170   Code   RO         1423    i.WifiCheckAck      bswsrv_wg215.o
    0x0800dbe8   0x000000b8   Code   RO         1424    i.WifiConnecteAp    bswsrv_wg215.o
    0x0800dca0   0x000000e8   Code   RO         1425    i.WifiConnecteServer  bswsrv_wg215.o
    0x0800dd88   0x0000002c   Code   RO         1426    i.WifiDisconnectServer  bswsrv_wg215.o
    0x0800ddb4   0x0000002c   Code   RO         1427    i.WifiEnableDHCP    bswsrv_wg215.o
    0x0800dde0   0x000000a8   Code   RO         1428    i.WifiEnableDns     bswsrv_wg215.o
    0x0800de88   0x0000003a   Code   RO         1432    i.WifiSendCmd       bswsrv_wg215.o
    0x0800dec2   0x00000002   PAD
    0x0800dec4   0x00000020   Code   RO         1433    i.WifiSendCmdHandle  bswsrv_wg215.o
    0x0800dee4   0x00000094   Code   RO         1434    i.WifiSetTransMode  bswsrv_wg215.o
    0x0800df78   0x0000001a   Code   RO         2589    i.Write_FIFO        bswdrv_spi_fm175xx.o
    0x0800df92   0x00000002   PAD
    0x0800df94   0x00000044   Code   RO         2590    i.Write_Reg         bswdrv_spi_fm175xx.o
    0x0800dfd8   0x00000020   Code   RO         8390    i.__0printf$8       mc_w.l(printf8.o)
    0x0800dff8   0x00000028   Code   RO         8392    i.__0sprintf$8      mc_w.l(printf8.o)
    0x0800e020   0x0000000e   Code   RO         8519    i.__scatterload_copy  mc_w.l(handlers.o)
    0x0800e02e   0x00000002   Code   RO         8520    i.__scatterload_null  mc_w.l(handlers.o)
    0x0800e030   0x0000000e   Code   RO         8521    i.__scatterload_zeroinit  mc_w.l(handlers.o)
    0x0800e03e   0x00000002   PAD
    0x0800e040   0x00000410   Code   RO         8397    i._printf_core      mc_w.l(printf8.o)
    0x0800e450   0x00000024   Code   RO         8398    i._printf_post_padding  mc_w.l(printf8.o)
    0x0800e474   0x0000002e   Code   RO         8399    i._printf_pre_padding  mc_w.l(printf8.o)
    0x0800e4a2   0x0000000a   Code   RO         8401    i._sputc            mc_w.l(printf8.o)
    0x0800e4ac   0x0000001e   Code   RO         4329    i.adc_calibration_enable  gd32f30x_adc.o
    0x0800e4ca   0x00000036   Code   RO         4330    i.adc_channel_length_config  gd32f30x_adc.o
    0x0800e500   0x00000014   Code   RO         4331    i.adc_data_alignment_config  gd32f30x_adc.o
    0x0800e514   0x00000010   Code   RO         4337    i.adc_enable        gd32f30x_adc.o
    0x0800e524   0x00000036   Code   RO         4338    i.adc_external_trigger_config  gd32f30x_adc.o
    0x0800e55a   0x00000020   Code   RO         4339    i.adc_external_trigger_source_config  gd32f30x_adc.o
    0x0800e57a   0x00000008   Code   RO         4340    i.adc_flag_clear    gd32f30x_adc.o
    0x0800e582   0x0000000e   Code   RO         4341    i.adc_flag_get      gd32f30x_adc.o
    0x0800e590   0x00000018   Code   RO         4349    i.adc_mode_config   gd32f30x_adc.o
    0x0800e5a8   0x0000007e   Code   RO         4353    i.adc_regular_channel_config  gd32f30x_adc.o
    0x0800e626   0x0000001a   Code   RO         4356    i.adc_software_trigger_enable  gd32f30x_adc.o
    0x0800e640   0x00000052   Code   RO         4357    i.adc_special_function_config  gd32f30x_adc.o
    0x0800e692   0x00000002   PAD
    0x0800e694   0x00000010   Code   RO         4360    i.adc_tempsensor_vrefint_enable  gd32f30x_adc.o
    0x0800e6a4   0x0000000e   Code   RO         4559    i.bkp_deinit        gd32f30x_bkp.o
    0x0800e6b2   0x00000002   PAD
    0x0800e6b4   0x0000002c   Code   RO         4564    i.bkp_read_data     gd32f30x_bkp.o
    0x0800e6e0   0x00000028   Code   RO         4578    i.bkp_write_data    gd32f30x_bkp.o
    0x0800e708   0x00000068   Code   RO         5634    i.exti_init         gd32f30x_exti.o
    0x0800e770   0x0000000c   Code   RO         5637    i.exti_interrupt_flag_clear  gd32f30x_exti.o
    0x0800e77c   0x00000024   Code   RO         5638    i.exti_interrupt_flag_get  gd32f30x_exti.o
    0x0800e7a0   0x00000016   Code   RO         5717    i.fmc_bank0_ready_wait  gd32f30x_fmc.o
    0x0800e7b6   0x00000002   PAD
    0x0800e7b8   0x00000028   Code   RO         5718    i.fmc_bank0_state_get  gd32f30x_fmc.o
    0x0800e7e0   0x00000016   Code   RO         5722    i.fmc_bank1_ready_wait  gd32f30x_fmc.o
    0x0800e7f6   0x00000002   PAD
    0x0800e7f8   0x00000028   Code   RO         5723    i.fmc_bank1_state_get  gd32f30x_fmc.o
    0x0800e820   0x0000001c   Code   RO         5725    i.fmc_flag_clear    gd32f30x_fmc.o
    0x0800e83c   0x00000028   Code   RO         5732    i.fmc_lock          gd32f30x_fmc.o
    0x0800e864   0x00000088   Code   RO         5734    i.fmc_page_erase    gd32f30x_fmc.o
    0x0800e8ec   0x00000038   Code   RO         5735    i.fmc_unlock        gd32f30x_fmc.o
    0x0800e924   0x00000070   Code   RO         5736    i.fmc_word_program  gd32f30x_fmc.o
    0x0800e994   0x0000003c   Code   RO         2503    i.fputc             bswdrv_debug.o
    0x0800e9d0   0x00000004   Code   RO         5976    i.gpio_bit_reset    gd32f30x_gpio.o
    0x0800e9d4   0x00000004   Code   RO         5977    i.gpio_bit_set      gd32f30x_gpio.o
    0x0800e9d8   0x0000000a   Code   RO         5978    i.gpio_bit_write    gd32f30x_gpio.o
    0x0800e9e2   0x00000002   PAD
    0x0800e9e4   0x00000058   Code   RO         5985    i.gpio_exti_source_select  gd32f30x_gpio.o
    0x0800ea3c   0x00000090   Code   RO         5986    i.gpio_init         gd32f30x_gpio.o
    0x0800eacc   0x0000000a   Code   RO         5987    i.gpio_input_bit_get  gd32f30x_gpio.o
    0x0800ead6   0x00000002   PAD
    0x0800ead8   0x00000058   Code   RO         5992    i.gpio_pin_remap_config  gd32f30x_gpio.o
    0x0800eb30   0x0000003c   Code   RO         1207    i.gsm_check_ATE     bswsrv_air720.o
    0x0800eb6c   0x0000003c   Code   RO         1208    i.gsm_check_ATI     bswsrv_air720.o
    0x0800eba8   0x0000003c   Code   RO         1209    i.gsm_check_ATS0    bswsrv_air720.o
    0x0800ebe4   0x0000003c   Code   RO         1210    i.gsm_check_CCID    bswsrv_air720.o
    0x0800ec20   0x0000003c   Code   RO         1211    i.gsm_check_CIPMUX  bswsrv_air720.o
    0x0800ec5c   0x0000003c   Code   RO         1212    i.gsm_check_CIPQSEND  bswsrv_air720.o
    0x0800ec98   0x0000003c   Code   RO         1213    i.gsm_check_CIPRXGET  bswsrv_air720.o
    0x0800ecd4   0x0000003c   Code   RO         1214    i.gsm_check_CIPSHUT  bswsrv_air720.o
    0x0800ed10   0x0000003c   Code   RO         1215    i.gsm_check_CPIN    bswsrv_air720.o
    0x0800ed4c   0x0000003c   Code   RO         1216    i.gsm_check_CREG    bswsrv_air720.o
    0x0800ed88   0x0000003c   Code   RO         1217    i.gsm_check_CSQ     bswsrv_air720.o
    0x0800edc4   0x0000007c   Code   RO         1218    i.gsm_check_Test    bswsrv_air720.o
    0x0800ee40   0x00000050   Code   RO         1219    i.gsm_check_reset   bswsrv_air720.o
    0x0800ee90   0x000001dc   Code   RO         1220    i.gsm_dialog        bswsrv_air720.o
    0x0800f06c   0x000001d0   Code   RO         1221    i.gsm_ipopen        bswsrv_air720.o
    0x0800f23c   0x000000b8   Code   RO         1222    i.gsm_reset         bswsrv_air720.o
    0x0800f2f4   0x00000014   Code   RO         6103    i.i2c_ack_config    gd32f30x_i2c.o
    0x0800f308   0x00000006   Code   RO         6106    i.i2c_data_receive  gd32f30x_i2c.o
    0x0800f30e   0x00000004   Code   RO         6107    i.i2c_data_transmit  gd32f30x_i2c.o
    0x0800f312   0x00000012   Code   RO         6114    i.i2c_flag_clear    gd32f30x_i2c.o
    0x0800f324   0x0000001e   Code   RO         6115    i.i2c_flag_get      gd32f30x_i2c.o
    0x0800f342   0x00000012   Code   RO         6120    i.i2c_master_addressing  gd32f30x_i2c.o
    0x0800f354   0x0000000a   Code   RO         6130    i.i2c_start_on_bus  gd32f30x_i2c.o
    0x0800f35e   0x0000000a   Code   RO         6131    i.i2c_stop_on_bus   gd32f30x_i2c.o
    0x0800f368   0x0000000c   Code   RO         3985    i.inHandlerMode     cmsis_os.o
    0x0800f374   0x00000044   Code   RO            3    i.main              main.o
    0x0800f3b8   0x00000016   Code   RO         6297    i.nvic_irq_disable  gd32f30x_misc.o
    0x0800f3ce   0x00000002   PAD
    0x0800f3d0   0x0000008c   Code   RO         6298    i.nvic_irq_enable   gd32f30x_misc.o
    0x0800f45c   0x00000014   Code   RO         6299    i.nvic_priority_group_set  gd32f30x_misc.o
    0x0800f470   0x00000014   Code   RO         6300    i.nvic_vector_table_set  gd32f30x_misc.o
    0x0800f484   0x0000000e   Code   RO         3988    i.osDelay           cmsis_os.o
    0x0800f492   0x00000018   Code   RO         3992    i.osKernelSysTick   cmsis_os.o
    0x0800f4aa   0x00000006   Code   RO         4003    i.osMutexCreate     cmsis_os.o
    0x0800f4b0   0x00000050   Code   RO         4005    i.osMutexRelease    cmsis_os.o
    0x0800f500   0x00000064   Code   RO         4006    i.osMutexWait       cmsis_os.o
    0x0800f564   0x0000002e   Code   RO         4014    i.osSemaphoreCreate  cmsis_os.o
    0x0800f592   0x00000002   PAD
    0x0800f594   0x00000050   Code   RO         4016    i.osSemaphoreRelease  cmsis_os.o
    0x0800f5e4   0x00000064   Code   RO         4017    i.osSemaphoreWait   cmsis_os.o
    0x0800f648   0x00000010   Code   RO         6354    i.pmu_backup_write_enable  gd32f30x_pmu.o
    0x0800f658   0x00000070   Code   RO         3519    i.prvAddCurrentTaskToDelayedList  tasks.o
    0x0800f6c8   0x000000d0   Code   RO         3520    i.prvAddNewTaskToReadyList  tasks.o
    0x0800f798   0x00000050   Code   RO         3855    i.prvCheckForValidListAndQueue  timers.o
    0x0800f7e8   0x00000026   Code   RO         3162    i.prvCopyDataFromQueue  queue.o
    0x0800f80e   0x0000006c   Code   RO         3163    i.prvCopyDataToQueue  queue.o
    0x0800f87a   0x00000014   Code   RO         3521    i.prvDeleteTCB      tasks.o
    0x0800f88e   0x00000002   PAD
    0x0800f890   0x0000004c   Code   RO         2957    i.prvHeapInit       heap_4.o
    0x0800f8dc   0x0000005c   Code   RO         3522    i.prvIdleTask       tasks.o
    0x0800f938   0x000000ae   Code   RO         3523    i.prvInitialiseNewTask  tasks.o
    0x0800f9e6   0x00000002   PAD
    0x0800f9e8   0x0000004c   Code   RO         2958    i.prvInsertBlockIntoFreeList  heap_4.o
    0x0800fa34   0x00000038   Code   RO         3856    i.prvInsertTimerInActiveList  timers.o
    0x0800fa6c   0x0000001a   Code   RO         3164    i.prvIsQueueEmpty   queue.o
    0x0800fa86   0x00000002   PAD
    0x0800fa88   0x000000c4   Code   RO         3857    i.prvProcessReceivedCommands  timers.o
    0x0800fb4c   0x000000b4   Code   RO         3858    i.prvProcessTimerOrBlockTask  timers.o
    0x0800fc00   0x00000020   Code   RO         3525    i.prvResetNextTaskUnblockTime  tasks.o
    0x0800fc20   0x00000028   Code   RO         3859    i.prvSampleTimeNow  timers.o
    0x0800fc48   0x0000006c   Code   RO         3860    i.prvSwitchTimerLists  timers.o
    0x0800fcb4   0x00000028   Code   RO         3061    i.prvTaskExitError  port.o
    0x0800fcdc   0x00000028   Code   RO         3861    i.prvTimerTask      timers.o
    0x0800fd04   0x0000006a   Code   RO         3165    i.prvUnlockQueue    queue.o
    0x0800fd6e   0x00000002   PAD
    0x0800fd70   0x000000d8   Code   RO         2959    i.pvPortMalloc      heap_4.o
    0x0800fe48   0x00000018   Code   RO         3527    i.pvTaskIncrementMutexHeldCount  tasks.o
    0x0800fe60   0x0000002c   Code   RO         3062    i.pxPortInitialiseStack  port.o
    0x0800fe8c   0x00000054   Code   RO         6487    i.rcu_adc_clock_config  gd32f30x_rcu.o
    0x0800fee0   0x00000010   Code   RO         6489    i.rcu_all_reset_flag_clear  gd32f30x_rcu.o
    0x0800fef0   0x00000010   Code   RO         6492    i.rcu_bkp_reset_disable  gd32f30x_rcu.o
    0x0800ff00   0x00000010   Code   RO         6493    i.rcu_bkp_reset_enable  gd32f30x_rcu.o
    0x0800ff10   0x000000f8   Code   RO         6496    i.rcu_clock_freq_get  gd32f30x_rcu.o
    0x08010008   0x00000020   Code   RO         6499    i.rcu_flag_get      gd32f30x_rcu.o
    0x08010028   0x0000001c   Code   RO         6511    i.rcu_osci_on       gd32f30x_rcu.o
    0x08010044   0x000000c0   Code   RO         6512    i.rcu_osci_stab_wait  gd32f30x_rcu.o
    0x08010104   0x0000001c   Code   RO         6514    i.rcu_periph_clock_enable  gd32f30x_rcu.o
    0x08010120   0x0000001c   Code   RO         6517    i.rcu_periph_reset_disable  gd32f30x_rcu.o
    0x0801013c   0x0000001c   Code   RO         6518    i.rcu_periph_reset_enable  gd32f30x_rcu.o
    0x08010158   0x00000014   Code   RO         6522    i.rcu_rtc_clock_config  gd32f30x_rcu.o
    0x0801016c   0x00000010   Code   RO         6736    i.rtc_configuration_mode_enter  gd32f30x_rtc.o
    0x0801017c   0x00000010   Code   RO         6737    i.rtc_configuration_mode_exit  gd32f30x_rtc.o
    0x0801018c   0x00000014   Code   RO         6738    i.rtc_counter_get   gd32f30x_rtc.o
    0x080101a0   0x00000020   Code   RO         6739    i.rtc_counter_set   gd32f30x_rtc.o
    0x080101c0   0x00000010   Code   RO         6745    i.rtc_lwoff_wait    gd32f30x_rtc.o
    0x080101d0   0x00000024   Code   RO         6746    i.rtc_prescaler_set  gd32f30x_rtc.o
    0x080101f4   0x00000018   Code   RO         6747    i.rtc_register_sync_wait  gd32f30x_rtc.o
    0x0801020c   0x0000000a   Code   RO         7137    i.spi_enable        gd32f30x_spi.o
    0x08010216   0x00000006   Code   RO         7139    i.spi_i2s_data_receive  gd32f30x_spi.o
    0x0801021c   0x00000004   Code   RO         7140    i.spi_i2s_data_transmit  gd32f30x_spi.o
    0x08010220   0x0000000a   Code   RO         7142    i.spi_i2s_flag_get  gd32f30x_spi.o
    0x0801022a   0x0000002e   Code   RO         7146    i.spi_init          gd32f30x_spi.o
    0x08010258   0x000000bc   Code   RO            4    i.start_task        main.o
    0x08010314   0x000000b8   Code   RO         2789    i.system_clock_120m_hxtal  system_gd32f30x.o
    0x080103cc   0x0000000a   Code   RO         7365    i.timer_auto_reload_shadow_enable  gd32f30x_timer.o
    0x080103d6   0x00000022   Code   RO         7372    i.timer_channel_capture_value_register_read  gd32f30x_timer.o
    0x080103f8   0x0000004e   Code   RO         7378    i.timer_channel_input_capture_prescaler_config  gd32f30x_timer.o
    0x08010446   0x00000002   PAD
    0x08010448   0x00000098   Code   RO         2534    i.timer_configuration  bswdrv_ic_rf433.o
    0x080104e0   0x00000004   Code   RO         7391    i.timer_counter_value_config  gd32f30x_timer.o
    0x080104e4   0x00000074   Code   RO         7392    i.timer_deinit      gd32f30x_timer.o
    0x08010558   0x0000000a   Code   RO         7393    i.timer_disable     gd32f30x_timer.o
    0x08010562   0x0000000a   Code   RO         7397    i.timer_enable      gd32f30x_timer.o
    0x0801056c   0x00000008   Code   RO         7404    i.timer_flag_clear  gd32f30x_timer.o
    0x08010574   0x0000000a   Code   RO         7405    i.timer_flag_get    gd32f30x_timer.o
    0x0801057e   0x00000002   PAD
    0x08010580   0x00000094   Code   RO         7407    i.timer_init        gd32f30x_timer.o
    0x08010614   0x0000012c   Code   RO         7408    i.timer_input_capture_config  gd32f30x_timer.o
    0x08010740   0x00000008   Code   RO         7413    i.timer_interrupt_disable  gd32f30x_timer.o
    0x08010748   0x00000008   Code   RO         7414    i.timer_interrupt_enable  gd32f30x_timer.o
    0x08010750   0x00000008   Code   RO         7415    i.timer_interrupt_flag_clear  gd32f30x_timer.o
    0x08010758   0x00000014   Code   RO         7416    i.timer_interrupt_flag_get  gd32f30x_timer.o
    0x0801076c   0x0000005c   Code   RO         7780    i.usart_baudrate_set  gd32f30x_usart.o
    0x080107c8   0x00000008   Code   RO         7783    i.usart_data_receive  gd32f30x_usart.o
    0x080107d0   0x00000008   Code   RO         7784    i.usart_data_transmit  gd32f30x_usart.o
    0x080107d8   0x00000058   Code   RO         7785    i.usart_deinit      gd32f30x_usart.o
    0x08010830   0x0000000a   Code   RO         7789    i.usart_enable      gd32f30x_usart.o
    0x0801083a   0x00000016   Code   RO         7791    i.usart_flag_get    gd32f30x_usart.o
    0x08010850   0x00000016   Code   RO         7798    i.usart_interrupt_enable  gd32f30x_usart.o
    0x08010866   0x00000014   Code   RO         7799    i.usart_interrupt_flag_clear  gd32f30x_usart.o
    0x0801087a   0x00000030   Code   RO         7800    i.usart_interrupt_flag_get  gd32f30x_usart.o
    0x080108aa   0x00000010   Code   RO         7811    i.usart_parity_config  gd32f30x_usart.o
    0x080108ba   0x0000000c   Code   RO         7813    i.usart_receive_config  gd32f30x_usart.o
    0x080108c6   0x00000010   Code   RO         7823    i.usart_stop_bit_set  gd32f30x_usart.o
    0x080108d6   0x0000000c   Code   RO         7827    i.usart_transmit_config  gd32f30x_usart.o
    0x080108e2   0x00000010   Code   RO         7828    i.usart_word_length_set  gd32f30x_usart.o
    0x080108f2   0x00000026   Code   RO         3018    i.uxListRemove      list.o
    0x08010918   0x00000016   Code   RO         3019    i.vListInitialise   list.o
    0x0801092e   0x00000006   Code   RO         3020    i.vListInitialiseItem  list.o
    0x08010934   0x00000030   Code   RO         3021    i.vListInsert       list.o
    0x08010964   0x00000018   Code   RO         3022    i.vListInsertEnd    list.o
    0x0801097c   0x00000040   Code   RO         3064    i.vPortEnterCritical  port.o
    0x080109bc   0x00000028   Code   RO         3065    i.vPortExitCritical  port.o
    0x080109e4   0x0000005c   Code   RO         2960    i.vPortFree         heap_4.o
    0x08010a40   0x00000024   Code   RO         3066    i.vPortSetupTimerInterrupt  port.o
    0x08010a64   0x00000054   Code   RO         3067    i.vPortValidateInterruptPriority  port.o
    0x08010ab8   0x00000024   Code   RO         3171    i.vQueueAddToRegistry  queue.o
    0x08010adc   0x00000044   Code   RO         3175    i.vQueueWaitForMessageRestricted  queue.o
    0x08010b20   0x0000004c   Code   RO         3535    i.vTaskDelay        tasks.o
    0x08010b6c   0x000000ac   Code   RO         3537    i.vTaskDelete       tasks.o
    0x08010c18   0x00000010   Code   RO         3540    i.vTaskInternalSetTimeOutState  tasks.o
    0x08010c28   0x0000000c   Code   RO         3541    i.vTaskMissedYield  tasks.o
    0x08010c34   0x00000030   Code   RO         3543    i.vTaskPlaceOnEventList  tasks.o
    0x08010c64   0x00000038   Code   RO         3544    i.vTaskPlaceOnEventListRestricted  tasks.o
    0x08010c9c   0x000000ac   Code   RO         3546    i.vTaskPriorityDisinheritAfterTimeout  tasks.o
    0x08010d48   0x00000070   Code   RO         3552    i.vTaskStartScheduler  tasks.o
    0x08010db8   0x00000010   Code   RO         3554    i.vTaskSuspendAll   tasks.o
    0x08010dc8   0x0000005c   Code   RO         3555    i.vTaskSwitchContext  tasks.o
    0x08010e24   0x000000f4   Code   RO         3068    i.xPortStartScheduler  port.o
    0x08010f18   0x0000003a   Code   RO         3176    i.xQueueCreateCountingSemaphore  queue.o
    0x08010f52   0x00000024   Code   RO         3177    i.xQueueCreateMutex  queue.o
    0x08010f76   0x00000052   Code   RO         3178    i.xQueueGenericCreate  queue.o
    0x08010fc8   0x00000088   Code   RO         3179    i.xQueueGenericReset  queue.o
    0x08011050   0x00000164   Code   RO         3180    i.xQueueGenericSend  queue.o
    0x080111b4   0x000000bc   Code   RO         3181    i.xQueueGenericSendFromISR  queue.o
    0x08011270   0x0000009c   Code   RO         3182    i.xQueueGiveFromISR  queue.o
    0x0801130c   0x00000138   Code   RO         3188    i.xQueueReceive     queue.o
    0x08011444   0x0000009a   Code   RO         3189    i.xQueueReceiveFromISR  queue.o
    0x080114de   0x00000002   PAD
    0x080114e0   0x00000178   Code   RO         3190    i.xQueueSemaphoreTake  queue.o
    0x08011658   0x00000074   Code   RO         3556    i.xTaskCheckForTimeOut  tasks.o
    0x080116cc   0x00000056   Code   RO         3557    i.xTaskCreate       tasks.o
    0x08011722   0x00000002   PAD
    0x08011724   0x000000e0   Code   RO         3558    i.xTaskGenericNotify  tasks.o
    0x08011804   0x0000001c   Code   RO         3561    i.xTaskGetSchedulerState  tasks.o
    0x08011820   0x0000000c   Code   RO         3562    i.xTaskGetTickCount  tasks.o
    0x0801182c   0x00000010   Code   RO         3563    i.xTaskGetTickCountFromISR  tasks.o
    0x0801183c   0x000000c8   Code   RO         3564    i.xTaskIncrementTick  tasks.o
    0x08011904   0x0000008c   Code   RO         3566    i.xTaskNotifyWait   tasks.o
    0x08011990   0x00000098   Code   RO         3567    i.xTaskPriorityDisinherit  tasks.o
    0x08011a28   0x00000094   Code   RO         3568    i.xTaskPriorityInherit  tasks.o
    0x08011abc   0x00000074   Code   RO         3569    i.xTaskRemoveFromEventList  tasks.o
    0x08011b30   0x000000c4   Code   RO         3570    i.xTaskResumeAll    tasks.o
    0x08011bf4   0x0000004e   Code   RO         3866    i.xTimerCreate      timers.o
    0x08011c42   0x00000002   PAD
    0x08011c44   0x0000004c   Code   RO         3867    i.xTimerCreateTimerTask  timers.o
    0x08011c90   0x00000064   Code   RO         3868    i.xTimerGenericCommand  timers.o
    0x08011cf4   0x0000004f   Data   RO          221    .constdata          app_main.o
    0x08011d43   0x00000089   Data   RO          317    .constdata          app_blueproto.o
    0x08011dcc   0x000000f6   Data   RO          390    .constdata          app_netproto.o
    0x08011ec2   0x00000037   Data   RO          522    .constdata          app_cardboardproto.o
    0x08011ef9   0x00000012   Data   RO          589    .constdata          app_upgrade.o
    0x08011f0b   0x0000003a   Data   RO          638    .constdata          app_producttest.o
    0x08011f45   0x00000008   Data   RO          765    .constdata          bswsrv_comtask.o
    0x08011f4d   0x00000019   Data   RO          799    .constdata          bswsrv_nfcard_task.o
    0x08011f66   0x00000019   Data   RO          850    .constdata          bswsrv_nettask.o
    0x08011f7f   0x00000018   Data   RO          915    .constdata          bswsrv_producttest.o
    0x08011f97   0x0000002e   Data   RO          954    .constdata          bswsrv_wifibluetask.o
    0x08011fc5   0x0000005e   Data   RO         1009    .constdata          bswsrv_fwupgrade.o
    0x08012023   0x00000013   Data   RO         1148    .constdata          bswsrv_cardboard.o
    0x08012036   0x00000002   PAD
    0x08012038   0x000002c9   Data   RO         1224    .constdata          bswsrv_air720.o
    0x08012301   0x000000ce   Data   RO         1436    .constdata          bswsrv_wg215.o
    0x080123cf   0x00000001   PAD
    0x080123d0   0x00002128   Data   RO         1705    .constdata          bswsrv_aes.o
    0x080144f8   0x0000002f   Data   RO         1793    .constdata          bswsrv_system.o
    0x08014527   0x00000010   Data   RO         1967    .constdata          bswdrv_gpio.o
    0x08014537   0x00000020   Data   RO         2227    .constdata          bswdrv_iic.o
    0x08014557   0x00000031   Data   RO         2591    .constdata          bswdrv_spi_fm175xx.o
    0x08014588   0x00000014   Data   RO         2689    .constdata          bswdrv_sys_flash.o
    0x0801459c   0x0000000c   Data   RO         8155    .constdata          mc_w.l(mktime.o)
    0x080145a8   0x0000000c   Data   RO         8489    .constdata          mc_w.l(localtime_i.o)
    0x080145b4   0x00000040   Data   RO         8515    .constdata          mc_w.l(ctype_c.o)
    0x080145f4   0x0000004a   Data   RO          523    .conststring        app_cardboardproto.o
    0x0801463e   0x00000002   PAD
    0x08014640   0x000000cb   Data   RO         1225    .conststring        bswsrv_air720.o
    0x0801470b   0x00000001   PAD
    0x0801470c   0x0000014f   Data   RO         1437    .conststring        bswsrv_wg215.o
    0x0801485b   0x00000001   PAD
    0x0801485c   0x00000020   Data   RO         8517    Region$$Table       anon$$obj.o


    Execution Region RW_IRAM1 (Base: 0x20000000, Size: 0x00006430, Max: 0x0000c000, ABSOLUTE, COMPRESSED[0x0000008c])

    Base Addr    Size         Type   Attr      Idx    E Section Name        Object

    0x20000000   0x00000002   Data   RW          391    .data               app_netproto.o
    0x20000002   0x00000001   Data   RW          524    .data               app_cardboardproto.o
    0x20000003   0x00000001   PAD
    0x20000004   0x0000000c   Data   RW          639    .data               app_producttest.o
    0x20000010   0x00000001   Data   RW          640    .data               app_producttest.o
    0x20000011   0x00000003   PAD
    0x20000014   0x00000004   Data   RW          641    .data               app_producttest.o
    0x20000018   0x0000001e   Data   RW          800    .data               bswsrv_nfcard_task.o
    0x20000036   0x00000005   Data   RW          851    .data               bswsrv_nettask.o
    0x2000003b   0x00000001   PAD
    0x2000003c   0x00000006   Data   RW          916    .data               bswsrv_producttest.o
    0x20000042   0x00000002   PAD
    0x20000044   0x00000010   Data   RW          955    .data               bswsrv_wifibluetask.o
    0x20000054   0x00000004   Data   RW         1010    .data               bswsrv_fwupgrade.o
    0x20000058   0x00000006   Data   RW         1149    .data               bswsrv_cardboard.o
    0x2000005e   0x00000004   Data   RW         1226    .data               bswsrv_air720.o
    0x20000062   0x00000003   Data   RW         1438    .data               bswsrv_wg215.o
    0x20000065   0x00000001   Data   RW         1662    .data               bswsrv_key.o
    0x20000066   0x00000002   PAD
    0x20000068   0x00000020   Data   RW         1747    .data               bswsrv_flashusr.o
    0x20000088   0x00000084   Data   RW         2103    .data               bswdrv_usart.o
    0x2000010c   0x00000002   Data   RW         2505    .data               bswdrv_debug.o
    0x2000010e   0x00000002   PAD
    0x20000110   0x00000014   Data   RW         2535    .data               bswdrv_ic_rf433.o
    0x20000124   0x00000004   Data   RW         2690    .data               bswdrv_sys_flash.o
    0x20000128   0x00000004   Data   RW         2729    .data               bswdrv_sc8042b.o
    0x2000012c   0x00000004   Data   RW         2790    .data               system_gd32f30x.o
    0x20000130   0x00000018   Data   RW         2965    .data               heap_4.o
    0x20000148   0x0000000c   Data   RW         3069    .data               port.o
    0x20000154   0x0000003c   Data   RW         3573    .data               tasks.o
    0x20000190   0x00000014   Data   RW         3876    .data               timers.o
    0x200001a4   0x00000004   Data   RW         8476    .data               mc_w.l(stdout.o)
    0x200001a8   0x0000011c   Zero   RW          389    .bss                app_netproto.o
    0x200002c4   0x00000080   Zero   RW          521    .bss                app_cardboardproto.o
    0x20000344   0x00000100   Zero   RW          849    .bss                bswsrv_nettask.o
    0x20000444   0x000000c8   Zero   RW          914    .bss                bswsrv_producttest.o
    0x2000050c   0x000000ff   Zero   RW          953    .bss                bswsrv_wifibluetask.o
    0x2000060b   0x00000015   Zero   RW         1008    .bss                bswsrv_fwupgrade.o
    0x20000620   0x00000194   Zero   RW         1087    .bss                bswsrv_rf433.o
    0x200007b4   0x00000080   Zero   RW         1147    .bss                bswsrv_cardboard.o
    0x20000834   0x0000030c   Zero   RW         1223    .bss                bswsrv_air720.o
    0x20000b40   0x00000864   Zero   RW         1435    .bss                bswsrv_wg215.o
    0x200013a4   0x000001a8   Zero   RW         1792    .bss                bswsrv_system.o
    0x2000154c   0x00000020   Zero   RW         1913    .bss                bswdrv_rtc.o
    0x2000156c   0x00000498   Zero   RW         2102    .bss                bswdrv_usart.o
    0x20001a04   0x000000a4   Zero   RW         2504    .bss                bswdrv_debug.o
    0x20001aa8   0x00004000   Zero   RW         2964    .bss                heap_4.o
    0x20005aa8   0x00000040   Zero   RW         3192    .bss                queue.o
    0x20005ae8   0x000000f0   Zero   RW         3572    .bss                tasks.o
    0x20005bd8   0x00000028   Zero   RW         3875    .bss                timers.o
    0x20005c00   0x0000002c   Zero   RW         8486    .bss                mc_w.l(localtime_w.o)
    0x20005c2c   0x00000004   PAD
    0x20005c30   0x00000800   Zero   RW         2778    STACK               startup_gd32f30x_hd.o


==============================================================================

Image component sizes


      Code (inc. data)   RO Data    RW Data    ZI Data      Debug   Object Name

        56         18          0          0          0        431   app.o
      1590        698        137          0          0       6566   app_blueproto.o
       820        238        129          1        128       7562   app_cardboardproto.o
      1224        396         79          0          0      11958   app_main.o
      3096       1248        246          2        284      18978   app_netproto.o
      2652        870         58         17          0      35235   app_producttest.o
       444        160         18          0          0       3498   app_upgrade.o
        58          0          0          0          0        450   bswdrv.o
       268         36          0          0          0       2068   bswdrv_adc.o
       144         52          0          2        164       1681   bswdrv_debug.o
       126          4          0          0          0       1795   bswdrv_delay.o
       150          0          0          0          0       2511   bswdrv_fifo.o
       740         72         16          0          0       2656   bswdrv_gpio.o
       496         22          0         20          0       3054   bswdrv_ic_rf433.o
      1244        108         32          0          0       8596   bswdrv_iic.o
      1078         10          0          0          0       6864   bswdrv_nfc.o
       314         32          0          0         32       3427   bswdrv_rtc.o
       188         22          0          4          0       1639   bswdrv_sc8042b.o
       154         10          0          0          0       2151   bswdrv_spi.o
      1448        130         49          0          0      10904   bswdrv_spi_fm175xx.o
       410         64         20          4          0       3494   bswdrv_sys_flash.o
       160         10          0          0          0       1323   bswdrv_timer.o
       772         68          0        132       1176       7512   bswdrv_usart.o
         4          0          0          0          0        796   bswdrv_watchdog.o
        34          0          0          0          0        430   bswsrv.o
      1640         20       8488          0          0       3336   bswsrv_aes.o
      7456       3406        916          4        780      23695   bswsrv_air720.o
       518        102         19          6        128       2757   bswsrv_cardboard.o
       248        108          8          0          0        522   bswsrv_comtask.o
       180         30          0         32          0       2502   bswsrv_flashusr.o
      1972        872         94          4         21       8917   bswsrv_fwupgrade.o
       256         24          0          1          0       3019   bswsrv_key.o
      1828        584         25          5        256       5887   bswsrv_nettask.o
       784        250         25         30          0       2814   bswsrv_nfcard_task.o
       520        112         24          6        200       2028   bswsrv_producttest.o
       360         40          0          0        404       3559   bswsrv_rf433.o
      1636        778         47          0        424       8283   bswsrv_system.o
      6214       2524        541          3       2148      26817   bswsrv_wg215.o
      1720        444         46         16        255       3850   bswsrv_wifibluetask.o
       462         20          0          0          0      16732   cmsis_os.o
         0          0          0          0          0       9384   event_groups.o
       502         10          0          0          0       8248   gd32f30x_adc.o
        98         12          0          0          0       1826   gd32f30x_bkp.o
       152         22          0          0          0       1906   gd32f30x_exti.o
       496         72          0          0          0       6152   gd32f30x_fmc.o
       348         12          0          0          0       4872   gd32f30x_gpio.o
       116          0          0          0          0       4585   gd32f30x_i2c.o
       202         24          0          0          0       2499   gd32f30x_misc.o
        16          4          0          0          0        498   gd32f30x_pmu.o
       736        104          0          0          0       8198   gd32f30x_rcu.o
       160         34          0          0          0       4069   gd32f30x_rtc.o
        76          0          0          0          0       3458   gd32f30x_spi.o
       772         36          0          0          0      10195   gd32f30x_timer.o
       390         18          0          0          0       8554   gd32f30x_usart.o
       460         24          0         24      16384      11931   heap_4.o
       138          0          0          0          0       2890   list.o
       256         96          0          0          0     100580   main.o
       766         80          0         12          0      10409   port.o
      2236         22          0          0         64      20599   queue.o
        36          8        304          0       2048        828   startup_gd32f30x_hd.o
       236         26          0          4          0       1991   system_gd32f30x.o
      2868        224          0         60        240      27749   tasks.o
       954         84          0         20         40      12154   timers.o

    ----------------------------------------------------------------------
     55552      14494      11360        420      25176     523872   Object Totals
         0          0         32          0          0          0   (incl. Generated)
        74          0          7         11          0          0   (incl. Padding)

    ----------------------------------------------------------------------

      Code (inc. data)   RO Data    RW Data    ZI Data      Debug   Library Member Name

        56          8          0          0          0         84   __0sscanf.o
        86          0          0          0          0          0   __dczerorl2.o
        28          0          0          0          0         68   _chval.o
       812          4          0          0          0        112   _scanf.o
       332          0          0          0          0         96   _scanf_int.o
        64          0          0          0          0         84   _sgetc.o
        40          6         64          0          0         68   ctype_c.o
         0          0          0          0          0          0   entry.o
         0          0          0          0          0          0   entry10a.o
         0          0          0          0          0          0   entry11a.o
         8          4          0          0          0          0   entry2.o
         4          0          0          0          0          0   entry5.o
         0          0          0          0          0          0   entry7b.o
         0          0          0          0          0          0   entry8b.o
         8          4          0          0          0          0   entry9a.o
        30          0          0          0          0          0   handlers.o
        36          8          0          0          0         68   init.o
        10          0          0          0          0         68   isspace_c.o
         0          0          0          0          0          0   iusefp.o
        30          0          0          0          0         68   llshl.o
        36          0          0          0          0         68   llsshr.o
        32          0          0          0          0         68   llushr.o
       140          6         12          0          0         76   localtime_i.o
        12          6          0          0         44         68   localtime_w.o
        26          0          0          0          0         80   memcmp.o
        64          0          0          0          0         76   memmovea.o
        36          0          0          0          0        108   memseta.o
       168         18         12          0          0         80   mktime.o
      1204         60          0          0          0        504   printf8.o
        40          8          0          0          0         84   scanf_char.o
         0          0          0          4          0          0   stdout.o
        24          0          0          0          0         68   strcat.o
        20          0          0          0          0         68   strchr.o
        18          0          0          0          0         68   strcpy.o
        14          0          0          0          0         68   strlen.o
        24          0          0          0          0         76   strncpy.o
        36          0          0          0          0         80   strstr.o
        98          0          0          0          0         92   uldiv.o
        56          0          0          0          0         88   d2f.o
       334          0          0          0          0        148   dadd.o
       222          0          0          0          0        100   ddiv.o
       186          0          0          0          0        176   depilogue.o
        26          0          0          0          0         76   dfltui.o
       228          0          0          0          0         96   dmul.o
        46          0          0          0          0         80   dscalb.o
       110          0          0          0          0        168   fepilogue.o
        50          0          0          0          0         68   ffixi.o

    ----------------------------------------------------------------------
      4804        132         88          4         48       3448   Library Totals
        10          0          0          0          4          0   (incl. Padding)

    ----------------------------------------------------------------------

      Code (inc. data)   RO Data    RW Data    ZI Data      Debug   Library Name

      3536        132         88          4         44       2448   mc_w.l
      1258          0          0          0          0       1000   mf_w.l

    ----------------------------------------------------------------------
      4804        132         88          4         48       3448   Library Totals

    ----------------------------------------------------------------------

==============================================================================


      Code (inc. data)   RO Data    RW Data    ZI Data      Debug   

     60356      14626      11448        424      25224     502384   Grand Totals
     60356      14626      11448        140      25224     502384   ELF Image Totals (compressed)
     60356      14626      11448        140          0          0   ROM Totals

==============================================================================

    Total RO  Size (Code + RO Data)                71804 (  70.12kB)
    Total RW  Size (RW Data + ZI Data)             25648 (  25.05kB)
    Total ROM Size (Code + RO Data + RW Data)      71944 (  70.26kB)

==============================================================================

